../Core/Src/main.c:132:5:main	8	static
../Core/Src/main.c:240:6:SystemClock_Config	96	static
../Core/Src/main.c:301:13:MX_DFSDM1_Init	8	static
../Core/Src/main.c:339:13:MX_I2C2_Init	8	static
../Core/Src/main.c:387:13:MX_QUADSPI_Init	8	static
../Core/Src/main.c:420:13:MX_SPI3_Init	8	static
../Core/Src/main.c:460:13:MX_TIM2_Init	40	static
../Core/Src/main.c:505:13:MX_USART1_UART_Init	8	static
../Core/Src/main.c:540:13:MX_USART3_UART_Init	8	static
../Core/Src/main.c:575:13:MX_USB_OTG_FS_PCD_Init	8	static
../Core/Src/main.c:610:13:MX_GPIO_Init	48	static
../Core/Src/main.c:789:6:HAL_GPIO_EXTI_Callback	16	static
../Core/Src/main.c:815:6:HAL_TIM_PeriodElapsedCallback	16	static
../Core/Src/main.c:830:6:StartTask03	24	static
../Core/Src/main.c:854:6:StartTask01	24	static
../Core/Src/main.c:879:6:StartTask02	24	static
../Core/Src/main.c:900:6:Error_Handler	4	static,ignoring_inline_asm
