../Core/Src/main.c:98:5:__io_putchar	16	static
../Core/Src/main.c:104:6:HAL_ADC_ConvCpltCallback	16	static
../Core/Src/main.c:116:5:main	8	static
../Core/Src/main.c:213:6:SystemClock_Config	96	static
../Core/Src/main.c:273:6:PeriphCommonClock_Config	144	static
../Core/Src/main.c:300:13:MX_ADC1_Init	48	static
../Core/Src/main.c:367:13:MX_DFSDM1_Init	8	static
../Core/Src/main.c:405:13:MX_I2C2_Init	8	static
../Core/Src/main.c:453:13:MX_QUADSPI_Init	8	static
../Core/Src/main.c:486:13:MX_SPI3_Init	8	static
../Core/Src/main.c:526:13:MX_TIM1_Init	40	static
../Core/Src/main.c:573:13:MX_USART1_UART_Init	8	static
../Core/Src/main.c:608:13:MX_USART3_UART_Init	8	static
../Core/Src/main.c:643:13:MX_USB_OTG_FS_PCD_Init	8	static
../Core/Src/main.c:678:13:MX_GPIO_Init	48	static
../Core/Src/main.c:855:6:StartDefaultTask	16	static
../Core/Src/main.c:872:6:Error_Handler	4	static,ignoring_inline_asm
