../Core/Src/main.c:167:6:generate_hanning_window_f32	32	static
../Core/Src/main.c:178:5:find_note_index_f32	24	static
../Core/Src/main.c:191:5:__io_putchar	16	static
../Core/Src/main.c:202:5:main	8	static
../Core/Src/main.c:315:6:SystemClock_Config	96	static
../Core/Src/main.c:375:6:PeriphCommonClock_Config	160	static
../Core/Src/main.c:402:13:MX_ADC1_Init	32	static
../Core/Src/main.c:460:13:MX_DFSDM1_Init	8	static
../Core/Src/main.c:513:13:MX_I2C1_Init	8	static
../Core/Src/main.c:561:13:MX_I2C2_Init	8	static
../Core/Src/main.c:609:13:MX_OCTOSPI1_Init	32	static
../Core/Src/main.c:657:13:MX_SPI1_Init	8	static
../Core/Src/main.c:697:13:MX_SPI3_Init	8	static
../Core/Src/main.c:737:13:MX_UART4_Init	8	static
../Core/Src/main.c:785:13:MX_USART1_UART_Init	8	static
../Core/Src/main.c:833:13:MX_USART2_UART_Init	8	static
../Core/Src/main.c:881:13:MX_USART3_UART_Init	8	static
../Core/Src/main.c:929:13:MX_USB_OTG_FS_USB_Init	4	static
../Core/Src/main.c:948:13:MX_DMA_Init	16	static
../Core/Src/main.c:967:13:MX_GPIO_Init	56	static
../Core/Src/main.c:1099:6:HAL_DFSDM_FilterRegConvHalfCpltCallback	16	static
../Core/Src/main.c:1105:6:HAL_DFSDM_FilterRegConvCpltCallback	16	static
../Core/Src/main.c:1119:6:StartDefaultTask	32	static
../Core/Src/main.c:1198:6:StartTask02	24	static
../Core/Src/main.c:1222:6:StartTask03	24	static
../Core/Src/main.c:1243:6:Error_Handler	4	static,ignoring_inline_asm
