Archive member included to satisfy reference by file (symbol)

/Applications/STM32CubeIDE.app/Contents/Eclipse/plugins/com.st.stm32cube.ide.mcu.externaltools.gnu-tools-for-stm32.12.3.rel1.macos64_1.1.0.202410301201/tools/bin/../lib/gcc/arm-none-eabi/12.3.1/../../../../arm-none-eabi/lib/thumb/v7e-m+fp/hard/libc_nano.a(libc_a-exit.o)
                              /Applications/STM32CubeIDE.app/Contents/Eclipse/plugins/com.st.stm32cube.ide.mcu.externaltools.gnu-tools-for-stm32.12.3.rel1.macos64_1.1.0.202410301201/tools/bin/../lib/gcc/arm-none-eabi/12.3.1/../../../../arm-none-eabi/lib/thumb/v7e-m+fp/hard/crt0.o (exit)
/Applications/STM32CubeIDE.app/Contents/Eclipse/plugins/com.st.stm32cube.ide.mcu.externaltools.gnu-tools-for-stm32.12.3.rel1.macos64_1.1.0.202410301201/tools/bin/../lib/gcc/arm-none-eabi/12.3.1/../../../../arm-none-eabi/lib/thumb/v7e-m+fp/hard/libc_nano.a(libc_a-nano-vfprintf_float.o)
                              (_printf_float)
/Applications/STM32CubeIDE.app/Contents/Eclipse/plugins/com.st.stm32cube.ide.mcu.externaltools.gnu-tools-for-stm32.12.3.rel1.macos64_1.1.0.202410301201/tools/bin/../lib/gcc/arm-none-eabi/12.3.1/../../../../arm-none-eabi/lib/thumb/v7e-m+fp/hard/libc_nano.a(libc_a-nano-vfprintf_i.o)
                              /Applications/STM32CubeIDE.app/Contents/Eclipse/plugins/com.st.stm32cube.ide.mcu.externaltools.gnu-tools-for-stm32.12.3.rel1.macos64_1.1.0.202410301201/tools/bin/../lib/gcc/arm-none-eabi/12.3.1/../../../../arm-none-eabi/lib/thumb/v7e-m+fp/hard/libc_nano.a(libc_a-nano-vfprintf_float.o) (_printf_common)
/Applications/STM32CubeIDE.app/Contents/Eclipse/plugins/com.st.stm32cube.ide.mcu.externaltools.gnu-tools-for-stm32.12.3.rel1.macos64_1.1.0.202410301201/tools/bin/../lib/gcc/arm-none-eabi/12.3.1/../../../../arm-none-eabi/lib/thumb/v7e-m+fp/hard/libc_nano.a(libc_a-findfp.o)
                              /Applications/STM32CubeIDE.app/Contents/Eclipse/plugins/com.st.stm32cube.ide.mcu.externaltools.gnu-tools-for-stm32.12.3.rel1.macos64_1.1.0.202410301201/tools/bin/../lib/gcc/arm-none-eabi/12.3.1/../../../../arm-none-eabi/lib/thumb/v7e-m+fp/hard/libc_nano.a(libc_a-exit.o) (__stdio_exit_handler)
/Applications/STM32CubeIDE.app/Contents/Eclipse/plugins/com.st.stm32cube.ide.mcu.externaltools.gnu-tools-for-stm32.12.3.rel1.macos64_1.1.0.202410301201/tools/bin/../lib/gcc/arm-none-eabi/12.3.1/../../../../arm-none-eabi/lib/thumb/v7e-m+fp/hard/libc_nano.a(libc_a-fwalk.o)
                              /Applications/STM32CubeIDE.app/Contents/Eclipse/plugins/com.st.stm32cube.ide.mcu.externaltools.gnu-tools-for-stm32.12.3.rel1.macos64_1.1.0.202410301201/tools/bin/../lib/gcc/arm-none-eabi/12.3.1/../../../../arm-none-eabi/lib/thumb/v7e-m+fp/hard/libc_nano.a(libc_a-findfp.o) (_fwalk_sglue)
/Applications/STM32CubeIDE.app/Contents/Eclipse/plugins/com.st.stm32cube.ide.mcu.externaltools.gnu-tools-for-stm32.12.3.rel1.macos64_1.1.0.202410301201/tools/bin/../lib/gcc/arm-none-eabi/12.3.1/../../../../arm-none-eabi/lib/thumb/v7e-m+fp/hard/libc_nano.a(libc_a-printf.o)
                              ./Core/Src/main.o (printf)
/Applications/STM32CubeIDE.app/Contents/Eclipse/plugins/com.st.stm32cube.ide.mcu.externaltools.gnu-tools-for-stm32.12.3.rel1.macos64_1.1.0.202410301201/tools/bin/../lib/gcc/arm-none-eabi/12.3.1/../../../../arm-none-eabi/lib/thumb/v7e-m+fp/hard/libc_nano.a(libc_a-memset.o)
                              /Applications/STM32CubeIDE.app/Contents/Eclipse/plugins/com.st.stm32cube.ide.mcu.externaltools.gnu-tools-for-stm32.12.3.rel1.macos64_1.1.0.202410301201/tools/bin/../lib/gcc/arm-none-eabi/12.3.1/../../../../arm-none-eabi/lib/thumb/v7e-m+fp/hard/crt0.o (memset)
/Applications/STM32CubeIDE.app/Contents/Eclipse/plugins/com.st.stm32cube.ide.mcu.externaltools.gnu-tools-for-stm32.12.3.rel1.macos64_1.1.0.202410301201/tools/bin/../lib/gcc/arm-none-eabi/12.3.1/../../../../arm-none-eabi/lib/thumb/v7e-m+fp/hard/libc_nano.a(libc_a-localeconv.o)
                              /Applications/STM32CubeIDE.app/Contents/Eclipse/plugins/com.st.stm32cube.ide.mcu.externaltools.gnu-tools-for-stm32.12.3.rel1.macos64_1.1.0.202410301201/tools/bin/../lib/gcc/arm-none-eabi/12.3.1/../../../../arm-none-eabi/lib/thumb/v7e-m+fp/hard/libc_nano.a(libc_a-nano-vfprintf_float.o) (_localeconv_r)
/Applications/STM32CubeIDE.app/Contents/Eclipse/plugins/com.st.stm32cube.ide.mcu.externaltools.gnu-tools-for-stm32.12.3.rel1.macos64_1.1.0.202410301201/tools/bin/../lib/gcc/arm-none-eabi/12.3.1/../../../../arm-none-eabi/lib/thumb/v7e-m+fp/hard/libc_nano.a(libc_a-impure.o)
                              /Applications/STM32CubeIDE.app/Contents/Eclipse/plugins/com.st.stm32cube.ide.mcu.externaltools.gnu-tools-for-stm32.12.3.rel1.macos64_1.1.0.202410301201/tools/bin/../lib/gcc/arm-none-eabi/12.3.1/../../../../arm-none-eabi/lib/thumb/v7e-m+fp/hard/libc_nano.a(libc_a-printf.o) (_impure_ptr)
[...]
Memory Configuration

Name             Origin             Length             Attributes
RAM              0x20000000         0x000a0000         xrw
RAM2             0x10000000         0x00010000         xrw
RAM3             0x20040000         0x00060000         xrw
FLASH            0x08000000         0x00200000         xr
*default*        0x00000000         0xffffffff

Linker script and memory map

LOAD /Applications/STM32CubeIDE.app/Contents/Eclipse/plugins/com.st.stm32cube.ide.mcu.externaltools.gnu-tools-for-stm32.12.3.rel1.macos64_1.1.0.202410301201/tools/bin/../lib/gcc/arm-none-eabi/12.3.1/thumb/v7e-m+fp/hard/crti.o
LOAD /Applications/STM32CubeIDE.app/Contents/Eclipse/plugins/com.st.stm32cube.ide.mcu.externaltools.gnu-tools-for-stm32.12.3.rel1.macos64_1.1.0.202410301201/tools/bin/../lib/gcc/arm-none-eabi/12.3.1/thumb/v7e-m+fp/hard/crtbegin.o
LOAD /Applications/STM32CubeIDE.app/Contents/Eclipse/plugins/com.st.stm32cube.ide.mcu.externaltools.gnu-tools-for-stm32.12.3.rel1.macos64_1.1.0.202410301201/tools/bin/../lib/gcc/arm-none-eabi/12.3.1/../../../../arm-none-eabi/lib/thumb/v7e-m+fp/hard/crt0.o
LOAD ./Core/Src/arm_bitreversal2.o
LOAD ./Core/Src/arm_cfft_f32.o
LOAD ./Core/Src/arm_cfft_init_f32.o
LOAD ./Core/Src/arm_cfft_radix4_f32.o
LOAD ./Core/Src/arm_cfft_radix4_init_f32.o
LOAD ./Core/Src/arm_cfft_radix8_f32.o
LOAD ./Core/Src/arm_cmplx_mag_f32.o
LOAD ./Core/Src/arm_common_tables.o
LOAD ./Core/Src/arm_const_structs.o
LOAD ./Core/Src/arm_cos_f32.o
LOAD ./Core/Src/arm_max_f32.o
LOAD ./Core/Src/arm_mult_f32.o
LOAD ./Core/Src/arm_mve_tables.o
LOAD ./Core/Src/arm_mve_tables_f16.o
LOAD ./Core/Src/arm_neon_tables.o
LOAD ./Core/Src/arm_neon_tables_f16.o
LOAD ./Core/Src/arm_power_f32.o
LOAD ./Core/Src/arm_rfft_fast_f32.o
LOAD ./Core/Src/arm_rfft_fast_init_f16.o
LOAD ./Core/Src/arm_rfft_fast_init_f32.o
LOAD ./Core/Src/arm_rfft_fast_init_f64.o
LOAD ./Core/Src/freertos.o
LOAD ./Core/Src/freq.o
LOAD ./Core/Src/main.o
LOAD ./Core/Src/stm32l4xx_hal_msp.o
LOAD ./Core/Src/stm32l4xx_it.o
LOAD ./Core/Src/syscalls.o
LOAD ./Core/Src/sysmem.o
LOAD ./Core/Src/system_stm32l4xx.o
LOAD ./Core/Startup/startup_stm32l4s5vitx.o
LOAD ./Drivers/STM32L4xx_HAL_Driver/Src/stm32l4xx_hal.o
LOAD ./Drivers/STM32L4xx_HAL_Driver/Src/stm32l4xx_hal_adc.o
LOAD ./Drivers/STM32L4xx_HAL_Driver/Src/stm32l4xx_hal_adc_ex.o
LOAD ./Drivers/STM32L4xx_HAL_Driver/Src/stm32l4xx_hal_cortex.o
LOAD ./Drivers/STM32L4xx_HAL_Driver/Src/stm32l4xx_hal_dfsdm.o
LOAD ./Drivers/STM32L4xx_HAL_Driver/Src/stm32l4xx_hal_dfsdm_ex.o
LOAD ./Drivers/STM32L4xx_HAL_Driver/Src/stm32l4xx_hal_dma.o
LOAD ./Drivers/STM32L4xx_HAL_Driver/Src/stm32l4xx_hal_dma_ex.o
LOAD ./Drivers/STM32L4xx_HAL_Driver/Src/stm32l4xx_hal_exti.o
LOAD ./Drivers/STM32L4xx_HAL_Driver/Src/stm32l4xx_hal_flash.o
LOAD ./Drivers/STM32L4xx_HAL_Driver/Src/stm32l4xx_hal_flash_ex.o
LOAD ./Drivers/STM32L4xx_HAL_Driver/Src/stm32l4xx_hal_flash_ramfunc.o
LOAD ./Drivers/STM32L4xx_HAL_Driver/Src/stm32l4xx_hal_gpio.o
LOAD ./Drivers/STM32L4xx_HAL_Driver/Src/stm32l4xx_hal_i2c.o
LOAD ./Drivers/STM32L4xx_HAL_Driver/Src/stm32l4xx_hal_i2c_ex.o
LOAD ./Drivers/STM32L4xx_HAL_Driver/Src/stm32l4xx_hal_ospi.o
LOAD ./Drivers/STM32L4xx_HAL_Driver/Src/stm32l4xx_hal_pwr.o
LOAD ./Drivers/STM32L4xx_HAL_Driver/Src/stm32l4xx_hal_pwr_ex.o
LOAD ./Drivers/STM32L4xx_HAL_Driver/Src/stm32l4xx_hal_rcc.o
LOAD ./Drivers/STM32L4xx_HAL_Driver/Src/stm32l4xx_hal_rcc_ex.o
LOAD ./Drivers/STM32L4xx_HAL_Driver/Src/stm32l4xx_hal_spi.o
LOAD ./Drivers/STM32L4xx_HAL_Driver/Src/stm32l4xx_hal_spi_ex.o
LOAD ./Drivers/STM32L4xx_HAL_Driver/Src/stm32l4xx_hal_uart.o
LOAD ./Drivers/STM32L4xx_HAL_Driver/Src/stm32l4xx_hal_uart_ex.o
LOAD ./Middlewares/Third_Party/FreeRTOS/Source/CMSIS_RTOS_V2/cmsis_os2.o
LOAD ./Middlewares/Third_Party/FreeRTOS/Source/croutine.o
LOAD ./Middlewares/Third_Party/FreeRTOS/Source/event_groups.o
LOAD ./Middlewares/Third_Party/FreeRTOS/Source/list.o
LOAD ./Middlewares/Third_Party/FreeRTOS/Source/queue.o
LOAD ./Middlewares/Third_Party/FreeRTOS/Source/stream_buffer.o
LOAD ./Middlewares/Third_Party/FreeRTOS/Source/tasks.o
LOAD ./Middlewares/Third_Party/FreeRTOS/Source/timers.o
LOAD ./Middlewares/Third_Party/FreeRTOS/Source/portable/GCC/ARM_CM4F/port.o
LOAD ./Middlewares/Third_Party/FreeRTOS/Source/portable/MemMang/heap_4.o
START GROUP
LOAD /Applications/STM32CubeIDE.app/Contents/Eclipse/plugins/com.st.stm32cube.ide.mcu.externaltools.gnu-tools-for-stm32.12.3.rel1.macos64_1.1.0.202410301201/tools/bin/../lib/gcc/arm-none-eabi/12.3.1/../../../../arm-none-eabi/lib/thumb/v7e-m+fp/hard/libc_nano.a
LOAD /Applications/STM32CubeIDE.app/Contents/Eclipse/plugins/com.st.stm32cube.ide.mcu.externaltools.gnu-tools-for-stm32.12.3.rel1.macos64_1.1.0.202410301201/tools/bin/../lib/gcc/arm-none-eabi/12.3.1/../../../../arm-none-eabi/lib/thumb/v7e-m+fp/hard/libm.a
END GROUP
START GROUP
LOAD /Applications/STM32CubeIDE.app/Contents/Eclipse/plugins/com.st.stm32cube.ide.mcu.externaltools.gnu-tools-for-stm32.12.3.rel1.macos64_1.1.0.202410301201/tools/bin/../lib/gcc/arm-none-eabi/12.3.1/thumb/v7e-m+fp/hard/libgcc.a
LOAD /Applications/STM32CubeIDE.app/Contents/Eclipse/plugins/com.st.stm32cube.ide.mcu.externaltools.gnu-tools-for-stm32.12.3.rel1.macos64_1.1.0.202410301201/tools/bin/../lib/gcc/arm-none-eabi/12.3.1/../../../../arm-none-eabi/lib/thumb/v7e-m+fp/hard/libc_nano.a
END GROUP
START GROUP
LOAD /Applications/STM32CubeIDE.app/Contents/Eclipse/plugins/com.st.stm32cube.ide.mcu.externaltools.gnu-tools-for-stm32.12.3.rel1.macos64_1.1.0.202410301201/tools/bin/../lib/gcc/arm-none-eabi/12.3.1/thumb/v7e-m+fp/hard/libgcc.a
LOAD /Applications/STM32CubeIDE.app/Contents/Eclipse/plugins/com.st.stm32cube.ide.mcu.externaltools.gnu-tools-for-stm32.12.3.rel1.macos64_1.1.0.202410301201/tools/bin/../lib/gcc/arm-none-eabi/12.3.1/../../../../arm-none-eabi/lib/thumb/v7e-m+fp/hard/libc_nano.a
LOAD /Applications/STM32CubeIDE.app/Contents/Eclipse/plugins/com.st.stm32cube.ide.mcu.externaltools.gnu-tools-for-stm32.12.3.rel1.macos64_1.1.0.202410301201/tools/bin/../lib/gcc/arm-none-eabi/12.3.1/../../../../arm-none-eabi/lib/thumb/v7e-m+fp/hard/libnosys.a
END GROUP
START GROUP
LOAD /Applications/STM32CubeIDE.app/Contents/Eclipse/plugins/com.st.stm32cube.ide.mcu.externaltools.gnu-tools-for-stm32.12.3.rel1.macos64_1.1.0.202410301201/tools/bin/../lib/gcc/arm-none-eabi/12.3.1/thumb/v7e-m+fp/hard/libgcc.a
LOAD /Applications/STM32CubeIDE.app/Contents/Eclipse/plugins/com.st.stm32cube.ide.mcu.externaltools.gnu-tools-for-stm32.12.3.rel1.macos64_1.1.0.202410301201/tools/bin/../lib/gcc/arm-none-eabi/12.3.1/../../../../arm-none-eabi/lib/thumb/v7e-m+fp/hard/libc_nano.a
LOAD /Applications/STM32CubeIDE.app/Contents/Eclipse/plugins/com.st.stm32cube.ide.mcu.externaltools.gnu-tools-for-stm32.12.3.rel1.macos64_1.1.0.202410301201/tools/bin/../lib/gcc/arm-none-eabi/12.3.1/../../../../arm-none-eabi/lib/thumb/v7e-m+fp/hard/libnosys.a
END GROUP
LOAD /Applications/STM32CubeIDE.app/Contents/Eclipse/plugins/com.st.stm32cube.ide.mcu.externaltools.gnu-tools-for-stm32.12.3.rel1.macos64_1.1.0.202410301201/tools/bin/../lib/gcc/arm-none-eabi/12.3.1/thumb/v7e-m+fp/hard/crtend.o
LOAD /Applications/STM32CubeIDE.app/Contents/Eclipse/plugins/com.st.stm32cube.ide.mcu.externaltools.gnu-tools-for-stm32.12.3.rel1.macos64_1.1.0.202410301201/tools/bin/../lib/gcc/arm-none-eabi/12.3.1/thumb/v7e-m+fp/hard/crtn.o
                0x200a0000                        _estack = (ORIGIN (RAM) + LENGTH (RAM))
                0x00000200                        _Min_Heap_Size = 0x200
                0x00000400                        _Min_Stack_Size = 0x400

.isr_vector     0x08000000      0x1bc
                0x08000000                        . = ALIGN (0x4)
 *(.isr_vector)
 .isr_vector    0x08000000      0x1bc ./Core/Startup/startup_stm32l4s5vitx.o
                0x08000000                g_pfnVectors
                0x080001bc                        . = ALIGN (0x4)

.text           0x080001c0    0x109c0
                0x080001c0                        . = ALIGN (0x4)
 *(.text)
 .text          0x080001c0       0x40 /Applications/STM32CubeIDE.app/Contents/Eclipse/plugins/com.st.stm32cube.ide.mcu.externaltools.gnu-tools-for-stm32.12.3.rel1.macos64_1.1.0.202410301201/tools/bin/../lib/gcc/arm-none-eabi/12.3.1/thumb/v7e-m+fp/hard/crtbegin.o
 .text          0x08000200       0xa0 /Applications/STM32CubeIDE.app/Contents/Eclipse/plugins/com.st.stm32cube.ide.mcu.externaltools.gnu-tools-for-stm32.12.3.rel1.macos64_1.1.0.202410301201/tools/bin/../lib/gcc/arm-none-eabi/12.3.1/../../../../arm-none-eabi/lib/thumb/v7e-m+fp/hard/libc_nano.a(libc_a-memchr.o)
                0x08000200                memchr
 .text          0x080002a0       0x10 /Applications/STM32CubeIDE.app/Contents/Eclipse/plugins/com.st.stm32cube.ide.mcu.externaltools.gnu-tools-for-stm32.12.3.rel1.macos64_1.1.0.202410301201/tools/bin/../lib/gcc/arm-none-eabi/12.3.1/../../../../arm-none-eabi/lib/thumb/v7e-m+fp/hard/libc_nano.a(libc_a-strlen.o)
                0x080002a0                strlen
 .text          0x080002b0      0x378 /Applications/STM32CubeIDE.app/Contents/Eclipse/plugins/com.st.stm32cube.ide.mcu.externaltools.gnu-tools-for-stm32.12.3.rel1.macos64_1.1.0.202410301201/tools/bin/../lib/gcc/arm-none-eabi/12.3.1/thumb/v7e-m+fp/hard/libgcc.a(_arm_addsubdf3.o)
                0x080002b0                __aeabi_drsub
                0x080002b8                __subdf3
                0x080002b8                __aeabi_dsub
                0x080002bc                __aeabi_dadd
                0x080002bc                __adddf3
                0x08000534                __aeabi_ui2d
                0x08000534                __floatunsidf
                0x08000554                __floatsidf
                0x08000554                __aeabi_i2d
                0x08000578                __extendsfdf2
                0x08000578                __aeabi_f2d
                0x080005bc                __aeabi_ul2d
                0x080005bc                __floatundidf
                0x080005cc                __aeabi_l2d
                0x080005cc                __floatdidf
 .text          0x08000628      0x424 /Applications/STM32CubeIDE.app/Contents/Eclipse/plugins/com.st.stm32cube.ide.mcu.externaltools.gnu-tools-for-stm32.12.3.rel1.macos64_1.1.0.202410301201/tools/bin/../lib/gcc/arm-none-eabi/12.3.1/thumb/v7e-m+fp/hard/libgcc.a(_arm_muldivdf3.o)
                0x08000628                __aeabi_dmul
                0x08000628                __muldf3
                0x0800087c                __aeabi_ddiv
                0x0800087c                __divdf3
 .text          0x08000a4c      0x110 /Applications/STM32CubeIDE.app/Contents/Eclipse/plugins/com.st.stm32cube.ide.mcu.externaltools.gnu-tools-for-stm32.12.3.rel1.macos64_1.1.0.202410301201/tools/bin/../lib/gcc/arm-none-eabi/12.3.1/thumb/v7e-m+fp/hard/libgcc.a(_arm_cmpdf2.o)
                0x08000a4c                __gedf2
                0x08000a4c                __gtdf2
                0x08000a54                __ledf2
                0x08000a54                __ltdf2
                0x08000a5c                __cmpdf2
                0x08000a5c                __eqdf2
                0x08000a5c                __nedf2
                0x08000ad8                __aeabi_cdrcmple
                0x08000ae8                __aeabi_cdcmple
                0x08000ae8                __aeabi_cdcmpeq
                0x08000af8                __aeabi_dcmpeq
                0x08000b0c                __aeabi_dcmplt
                0x08000b20                __aeabi_dcmple
                0x08000b34                __aeabi_dcmpge
                0x08000b48                __aeabi_dcmpgt
 .text          0x08000b5c       0x2c /Applications/STM32CubeIDE.app/Contents/Eclipse/plugins/com.st.stm32cube.ide.mcu.externaltools.gnu-tools-for-stm32.12.3.rel1.macos64_1.1.0.202410301201/tools/bin/../lib/gcc/arm-none-eabi/12.3.1/thumb/v7e-m+fp/hard/libgcc.a(_arm_unorddf2.o)
                0x08000b5c                __aeabi_dcmpun
                0x08000b5c                __unorddf2
 .text          0x08000b88       0x50 /Applications/STM32CubeIDE.app/Contents/Eclipse/plugins/com.st.stm32cube.ide.mcu.externaltools.gnu-tools-for-stm32.12.3.rel1.macos64_1.1.0.202410301201/tools/bin/../lib/gcc/arm-none-eabi/12.3.1/thumb/v7e-m+fp/hard/libgcc.a(_arm_fixdfsi.o)
                0x08000b88                __fixdfsi
                0x08000b88                __aeabi_d2iz
 .text          0x08000bd8       0xa0 /Applications/STM32CubeIDE.app/Contents/Eclipse/plugins/com.st.stm32cube.ide.mcu.externaltools.gnu-tools-for-stm32.12.3.rel1.macos64_1.1.0.202410301201/tools/bin/../lib/gcc/arm-none-eabi/12.3.1/thumb/v7e-m+fp/hard/libgcc.a(_arm_truncdfsf2.o)
                0x08000bd8                __aeabi_d2f
                0x08000bd8                __truncdfsf2
 .text          0x08000c78       0x30 /Applications/STM32CubeIDE.app/Contents/Eclipse/plugins/com.st.stm32cube.ide.mcu.externaltools.gnu-tools-for-stm32.12.3.rel1.macos64_1.1.0.202410301201/tools/bin/../lib/gcc/arm-none-eabi/12.3.1/thumb/v7e-m+fp/hard/libgcc.a(_aeabi_uldivmod.o)
                0x08000c78                __aeabi_uldivmod
 .text          0x08000ca8      0x2bc /Applications/STM32CubeIDE.app/Contents/Eclipse/plugins/com.st.stm32cube.ide.mcu.externaltools.gnu-tools-for-stm32.12.3.rel1.macos64_1.1.0.202410301201/tools/bin/../lib/gcc/arm-none-eabi/12.3.1/thumb/v7e-m+fp/hard/libgcc.a(_udivmoddi4.o)
                0x08000ca8                __udivmoddi4
 .text          0x08000f64        0x4 /Applications/STM32CubeIDE.app/Contents/Eclipse/plugins/com.st.stm32cube.ide.mcu.externaltools.gnu-tools-for-stm32.12.3.rel1.macos64_1.1.0.202410301201/tools/bin/../lib/gcc/arm-none-eabi/12.3.1/thumb/v7e-m+fp/hard/libgcc.a(_dvmd_tls.o)
                0x08000f64                __aeabi_ldiv0
                0x08000f64                __aeabi_idiv0
 *(.text*)
 .text.arm_bitreversal_32
                0x08000f68       0xb2 ./Core/Src/arm_bitreversal2.o
                0x08000f68                arm_bitreversal_32
 .text.arm_cfft_radix8by2_f32
                0x0800101a      0x3e8 ./Core/Src/arm_cfft_f32.o
 .text.arm_cfft_radix8by4_f32
                0x08001402      0xc60 ./Core/Src/arm_cfft_f32.o
 .text.arm_cfft_f32
                0x08002062      0x174 ./Core/Src/arm_cfft_f32.o
                0x08002062                arm_cfft_f32
 *fill*         0x080021d6        0x2 
 .text.arm_cfft_init_2048_f32
                0x080021d8       0x48 ./Core/Src/arm_cfft_init_f32.o
                0x080021d8                arm_cfft_init_2048_f32
 .text.arm_cfft_init_1024_f32
                0x08002220       0x48 ./Core/Src/arm_cfft_init_f32.o
                0x08002220                arm_cfft_init_1024_f32
 .text.arm_cfft_init_512_f32
                0x08002268       0x48 ./Core/Src/arm_cfft_init_f32.o
                0x08002268                arm_cfft_init_512_f32
 .text.arm_cfft_init_256_f32
                0x080022b0       0x48 ./Core/Src/arm_cfft_init_f32.o
                0x080022b0                arm_cfft_init_256_f32
 .text.arm_cfft_init_128_f32
                0x080022f8       0x44 ./Core/Src/arm_cfft_init_f32.o
                0x080022f8                arm_cfft_init_128_f32
 .text.arm_cfft_init_64_f32
                0x0800233c       0x44 ./Core/Src/arm_cfft_init_f32.o
                0x0800233c                arm_cfft_init_64_f32
 .text.arm_cfft_init_32_f32
                0x08002380       0x44 ./Core/Src/arm_cfft_init_f32.o
                0x08002380                arm_cfft_init_32_f32
 .text.arm_cfft_init_16_f32
                0x080023c4       0x44 ./Core/Src/arm_cfft_init_f32.o
                0x080023c4                arm_cfft_init_16_f32
 .text.arm_radix8_butterfly_f32
                0x08002408     0x100c ./Core/Src/arm_cfft_radix8_f32.o
                0x08002408                arm_radix8_butterfly_f32
 .text.arm_cmplx_mag_f32
                0x08003414       0x88 ./Core/Src/arm_cmplx_mag_f32.o
                0x08003414                arm_cmplx_mag_f32
 .text.arm_cos_f32
                0x0800349c      0x10c ./Core/Src/arm_cos_f32.o
                0x0800349c                arm_cos_f32
 .text.arm_max_f32
                0x080035a8       0x70 ./Core/Src/arm_max_f32.o
                0x080035a8                arm_max_f32
 .text.arm_mult_f32
                0x08003618       0x50 ./Core/Src/arm_mult_f32.o
                0x08003618                arm_mult_f32
 .text.stage_rfft_f32
                0x08003668      0x1d2 ./Core/Src/arm_rfft_fast_f32.o
 .text.merge_rfft_f32
                0x0800383a      0x198 ./Core/Src/arm_rfft_fast_f32.o
 .text.arm_rfft_fast_f32
                0x080039d2       0x4e ./Core/Src/arm_rfft_fast_f32.o
                0x080039d2                arm_rfft_fast_f32
 .text.arm_rfft_fast_init_32_f32
                0x08003a20       0x48 ./Core/Src/arm_rfft_fast_init_f32.o
                0x08003a20                arm_rfft_fast_init_32_f32
 .text.arm_rfft_fast_init_64_f32
                0x08003a68       0x48 ./Core/Src/arm_rfft_fast_init_f32.o
                0x08003a68                arm_rfft_fast_init_64_f32
 .text.arm_rfft_fast_init_128_f32
                0x08003ab0       0x48 ./Core/Src/arm_rfft_fast_init_f32.o
                0x08003ab0                arm_rfft_fast_init_128_f32
 .text.arm_rfft_fast_init_256_f32
                0x08003af8       0x4c ./Core/Src/arm_rfft_fast_init_f32.o
                0x08003af8                arm_rfft_fast_init_256_f32
 .text.arm_rfft_fast_init_512_f32
                0x08003b44       0x4c ./Core/Src/arm_rfft_fast_init_f32.o
                0x08003b44                arm_rfft_fast_init_512_f32
 .text.arm_rfft_fast_init_1024_f32
                0x08003b90       0x4c ./Core/Src/arm_rfft_fast_init_f32.o
                0x08003b90                arm_rfft_fast_init_1024_f32
 .text.arm_rfft_fast_init_2048_f32
                0x08003bdc       0x4c ./Core/Src/arm_rfft_fast_init_f32.o
                0x08003bdc                arm_rfft_fast_init_2048_f32
 .text.arm_rfft_fast_init_4096_f32
                0x08003c28       0x4c ./Core/Src/arm_rfft_fast_init_f32.o
                0x08003c28                arm_rfft_fast_init_4096_f32
 .text.arm_rfft_fast_init_f32
                0x08003c74       0xce ./Core/Src/arm_rfft_fast_init_f32.o
                0x08003c74                arm_rfft_fast_init_f32
 *fill*         0x08003d42        0x6 
 .text.generate_hanning_window_f32
                0x08003d48       0xb0 ./Core/Src/main.o
                0x08003d48                generate_hanning_window_f32
 .text.find_note_index_f32
                0x08003df8       0x6c ./Core/Src/main.o
                0x08003df8                find_note_index_f32
 .text.__io_putchar
                0x08003e64       0x24 ./Core/Src/main.o
                0x08003e64                __io_putchar
 .text.main     0x08003e88      0x104 ./Core/Src/main.o
                0x08003e88                main
 .text.SystemClock_Config
                0x08003f8c       0xc4 ./Core/Src/main.o
                0x08003f8c                SystemClock_Config
 .text.PeriphCommonClock_Config
                0x08004050       0x5e ./Core/Src/main.o
                0x08004050                PeriphCommonClock_Config
 *fill*         0x080040ae        0x2 
 .text.MX_ADC1_Init
                0x080040b0       0xc8 ./Core/Src/main.o
 .text.MX_DFSDM1_Init
                0x08004178       0xcc ./Core/Src/main.o
 .text.MX_I2C1_Init
                0x08004244       0x80 ./Core/Src/main.o
 .text.MX_I2C2_Init
                0x080042c4       0x80 ./Core/Src/main.o
 .text.MX_OCTOSPI1_Init
                0x08004344       0xac ./Core/Src/main.o
 .text.MX_SPI1_Init
                0x080043f0       0x7c ./Core/Src/main.o
 .text.MX_SPI3_Init
                0x0800446c       0x7c ./Core/Src/main.o
 .text.MX_UART4_Init
                0x080044e8       0x98 ./Core/Src/main.o
 .text.MX_USART1_UART_Init
                0x08004580       0x98 ./Core/Src/main.o
 .text.MX_USART2_UART_Init
                0x08004618       0x9c ./Core/Src/main.o
 .text.MX_USART3_UART_Init
                0x080046b4       0x98 ./Core/Src/main.o
 .text.MX_USB_OTG_FS_USB_Init
                0x0800474c        0xe ./Core/Src/main.o
 *fill*         0x0800475a        0x2 
 .text.MX_DMA_Init
                0x0800475c       0x54 ./Core/Src/main.o
 .text.MX_GPIO_Init
                0x080047b0      0x284 ./Core/Src/main.o
 .text.HAL_DFSDM_FilterRegConvHalfCpltCallback
                0x08004a34       0x28 ./Core/Src/main.o
                0x08004a34                HAL_DFSDM_FilterRegConvHalfCpltCallback
 .text.HAL_DFSDM_FilterRegConvCpltCallback
                0x08004a5c       0x28 ./Core/Src/main.o
                0x08004a5c                HAL_DFSDM_FilterRegConvCpltCallback
 .text.StartDefaultTask
                0x08004a84      0x174 ./Core/Src/main.o
                0x08004a84                StartDefaultTask
 .text.StartTask02
                0x08004bf8       0x74 ./Core/Src/main.o
                0x08004bf8                StartTask02
 .text.StartTask03
                0x08004c6c       0x78 ./Core/Src/main.o
                0x08004c6c                StartTask03
 .text.Error_Handler
                0x08004ce4        0xc ./Core/Src/main.o
                0x08004ce4                Error_Handler
 .text.HAL_MspInit
                0x08004cf0       0x50 ./Core/Src/stm32l4xx_hal_msp.o
                0x08004cf0                HAL_MspInit
 .text.HAL_ADC_MspInit
                0x08004d40       0x80 ./Core/Src/stm32l4xx_hal_msp.o
                0x08004d40                HAL_ADC_MspInit
 .text.HAL_DFSDM_FilterMspInit
                0x08004dc0      0x158 ./Core/Src/stm32l4xx_hal_msp.o
                0x08004dc0                HAL_DFSDM_FilterMspInit
 .text.HAL_DFSDM_ChannelMspInit
                0x08004f18       0xe0 ./Core/Src/stm32l4xx_hal_msp.o
                0x08004f18                HAL_DFSDM_ChannelMspInit
 .text.HAL_I2C_MspInit
                0x08004ff8      0x144 ./Core/Src/stm32l4xx_hal_msp.o
                0x08004ff8                HAL_I2C_MspInit
 .text.HAL_OSPI_MspInit
                0x0800513c       0xd8 ./Core/Src/stm32l4xx_hal_msp.o
                0x0800513c                HAL_OSPI_MspInit
 .text.HAL_SPI_MspInit
                0x08005214       0xec ./Core/Src/stm32l4xx_hal_msp.o
                0x08005214                HAL_SPI_MspInit
 .text.HAL_UART_MspInit
                0x08005300      0x254 ./Core/Src/stm32l4xx_hal_msp.o
                0x08005300                HAL_UART_MspInit
 .text.NMI_Handler
                0x08005554        0x8 ./Core/Src/stm32l4xx_it.o
                0x08005554                NMI_Handler
 .text.HardFault_Handler
                0x0800555c        0x8 ./Core/Src/stm32l4xx_it.o
                0x0800555c                HardFault_Handler
 .text.MemManage_Handler
                0x08005564        0x8 ./Core/Src/stm32l4xx_it.o
                0x08005564                MemManage_Handler
 .text.BusFault_Handler
                0x0800556c        0x8 ./Core/Src/stm32l4xx_it.o
                0x0800556c                BusFault_Handler
 .text.UsageFault_Handler
                0x08005574        0x8 ./Core/Src/stm32l4xx_it.o
                0x08005574                UsageFault_Handler
 .text.DebugMon_Handler
                0x0800557c        0xe ./Core/Src/stm32l4xx_it.o
                0x0800557c                DebugMon_Handler
 .text.SysTick_Handler
                0x0800558a       0x1a ./Core/Src/stm32l4xx_it.o
                0x0800558a                SysTick_Handler
 .text.DMA1_Channel4_IRQHandler
                0x080055a4       0x14 ./Core/Src/stm32l4xx_it.o
                0x080055a4                DMA1_Channel4_IRQHandler
 .text.EXTI9_5_IRQHandler
                0x080055b8       0x22 ./Core/Src/stm32l4xx_it.o
                0x080055b8                EXTI9_5_IRQHandler
 .text.EXTI15_10_IRQHandler
                0x080055da       0x38 ./Core/Src/stm32l4xx_it.o
                0x080055da                EXTI15_10_IRQHandler
 .text._getpid  0x08005612       0x10 ./Core/Src/syscalls.o
                0x08005612                _getpid
 .text._kill    0x08005622       0x20 ./Core/Src/syscalls.o
                0x08005622                _kill
 .text._exit    0x08005642       0x16 ./Core/Src/syscalls.o
                0x08005642                _exit
 .text._read    0x08005658       0x3a ./Core/Src/syscalls.o
                0x08005658                _read
 .text._write   0x08005692       0x38 ./Core/Src/syscalls.o
                0x08005692                _write
 .text._close   0x080056ca       0x18 ./Core/Src/syscalls.o
                0x080056ca                _close
 .text._fstat   0x080056e2       0x20 ./Core/Src/syscalls.o
                0x080056e2                _fstat
 .text._isatty  0x08005702       0x16 ./Core/Src/syscalls.o
                0x08005702                _isatty
 .text._lseek   0x08005718       0x1a ./Core/Src/syscalls.o
                0x08005718                _lseek
 *fill*         0x08005732        0x2 
 .text._sbrk    0x08005734       0x6c ./Core/Src/sysmem.o
                0x08005734                _sbrk
 .text.SystemInit
                0x080057a0       0x24 ./Core/Src/system_stm32l4xx.o
                0x080057a0                SystemInit
 .text.Reset_Handler
                0x080057c4       0x50 ./Core/Startup/startup_stm32l4s5vitx.o
                0x080057c4                Reset_Handler
 .text.Default_Handler
                0x08005814        0x2 ./Core/Startup/startup_stm32l4s5vitx.o
                0x08005814                TIM1_BRK_TIM15_IRQHandler
                0x08005814                EXTI2_IRQHandler
                0x08005814                TIM8_TRG_COM_IRQHandler
                0x08005814                TIM8_CC_IRQHandler
                0x08005814                TIM1_CC_IRQHandler
                0x08005814                TSC_IRQHandler
                0x08005814                TAMP_STAMP_IRQHandler
                0x08005814                EXTI3_IRQHandler
                0x08005814                LPTIM2_IRQHandler
                0x08005814                DFSDM1_FLT1_IRQHandler
                0x08005814                GFXMMU_IRQHandler
                0x08005814                I2C3_ER_IRQHandler
                0x08005814                DFSDM1_FLT2_IRQHandler
                0x08005814                EXTI0_IRQHandler
                0x08005814                I2C2_EV_IRQHandler
                0x08005814                CAN1_RX0_IRQHandler
                0x08005814                FPU_IRQHandler
                0x08005814                TIM1_UP_TIM16_IRQHandler
                0x08005814                LTDC_ER_IRQHandler
                0x08005814                SPI1_IRQHandler
                0x08005814                OCTOSPI1_IRQHandler
                0x08005814                TIM6_DAC_IRQHandler
                0x08005814                DCMI_IRQHandler
                0x08005814                TIM8_UP_IRQHandler
                0x08005814                OCTOSPI2_IRQHandler
                0x08005814                DMA2_Channel2_IRQHandler
                0x08005814                SAI2_IRQHandler
                0x08005814                ADC1_IRQHandler
                0x08005814                DFSDM1_FLT3_IRQHandler
                0x08005814                USART3_IRQHandler
                0x08005814                DMA1_Channel7_IRQHandler
                0x08005814                CAN1_RX1_IRQHandler
                0x08005814                UART5_IRQHandler
                0x08005814                TIM4_IRQHandler
                0x08005814                DMA2_Channel1_IRQHandler
                0x08005814                I2C1_EV_IRQHandler
                0x08005814                DMAMUX1_OVR_IRQHandler
                0x08005814                DMA1_Channel6_IRQHandler
                0x08005814                UART4_IRQHandler
                0x08005814                DMA2_Channel4_IRQHandler
                0x08005814                TIM3_IRQHandler
                0x08005814                RCC_IRQHandler
                0x08005814                DMA1_Channel1_IRQHandler
                0x08005814                Default_Handler
                0x08005814                DMA2_Channel7_IRQHandler
                0x08005814                TIM7_IRQHandler
                0x08005814                SDMMC1_IRQHandler
                0x08005814                TIM5_IRQHandler
                0x08005814                I2C3_EV_IRQHandler
                0x08005814                RTC_WKUP_IRQHandler
                0x08005814                LTDC_IRQHandler
                0x08005814                PVD_PVM_IRQHandler
                0x08005814                SPI2_IRQHandler
                0x08005814                CAN1_TX_IRQHandler
                0x08005814                DMA2_Channel5_IRQHandler
                0x08005814                DMA1_Channel5_IRQHandler
                0x08005814                EXTI4_IRQHandler
                0x08005814                RNG_IRQHandler
                0x08005814                TIM1_TRG_COM_TIM17_IRQHandler
                0x08005814                DMA1_Channel3_IRQHandler
                0x08005814                COMP_IRQHandler
                0x08005814                HASH_CRS_IRQHandler
                0x08005814                WWDG_IRQHandler
                0x08005814                I2C4_EV_IRQHandler
                0x08005814                LPUART1_IRQHandler
                0x08005814                DMA2_Channel6_IRQHandler
                0x08005814                TIM2_IRQHandler
                0x08005814                DMA2D_IRQHandler
                0x08005814                EXTI1_IRQHandler
                0x08005814                AES_IRQHandler
                0x08005814                USART2_IRQHandler
                0x08005814                DFSDM1_FLT0_IRQHandler
                0x08005814                I2C2_ER_IRQHandler
                0x08005814                DMA1_Channel2_IRQHandler
                0x08005814                TIM8_BRK_IRQHandler
                0x08005814                CAN1_SCE_IRQHandler
                0x08005814                FLASH_IRQHandler
                0x08005814                USART1_IRQHandler
                0x08005814                OTG_FS_IRQHandler
                0x08005814                SPI3_IRQHandler
                0x08005814                I2C1_ER_IRQHandler
                0x08005814                FMC_IRQHandler
                0x08005814                LPTIM1_IRQHandler
                0x08005814                I2C4_ER_IRQHandler
                0x08005814                SAI1_IRQHandler
                0x08005814                DMA2_Channel3_IRQHandler
                0x08005814                RTC_Alarm_IRQHandler
 .text.HAL_Init
                0x08005816       0x30 ./Drivers/STM32L4xx_HAL_Driver/Src/stm32l4xx_hal.o
                0x08005816                HAL_Init
 *fill*         0x08005846        0x2 
 .text.HAL_InitTick
                0x08005848       0x78 ./Drivers/STM32L4xx_HAL_Driver/Src/stm32l4xx_hal.o
                0x08005848                HAL_InitTick
 .text.HAL_IncTick
                0x080058c0       0x28 ./Drivers/STM32L4xx_HAL_Driver/Src/stm32l4xx_hal.o
                0x080058c0                HAL_IncTick
 .text.HAL_GetTick
                0x080058e8       0x18 ./Drivers/STM32L4xx_HAL_Driver/Src/stm32l4xx_hal.o
                0x080058e8                HAL_GetTick
 .text.LL_ADC_SetCommonClock
                0x08005900       0x26 ./Drivers/STM32L4xx_HAL_Driver/Src/stm32l4xx_hal_adc.o
 .text.LL_ADC_SetCommonPathInternalCh
                0x08005926       0x26 ./Drivers/STM32L4xx_HAL_Driver/Src/stm32l4xx_hal_adc.o
 .text.LL_ADC_GetCommonPathInternalCh
                0x0800594c       0x1c ./Drivers/STM32L4xx_HAL_Driver/Src/stm32l4xx_hal_adc.o
 .text.LL_ADC_SetOffset
                0x08005968       0x48 ./Drivers/STM32L4xx_HAL_Driver/Src/stm32l4xx_hal_adc.o
 .text.LL_ADC_GetOffsetChannel
                0x080059b0       0x2c ./Drivers/STM32L4xx_HAL_Driver/Src/stm32l4xx_hal_adc.o
 .text.LL_ADC_SetOffsetState
                0x080059dc       0x36 ./Drivers/STM32L4xx_HAL_Driver/Src/stm32l4xx_hal_adc.o
 .text.LL_ADC_SetSamplingTimeCommonConfig
                0x08005a12       0x26 ./Drivers/STM32L4xx_HAL_Driver/Src/stm32l4xx_hal_adc.o
 .text.LL_ADC_REG_SetSequencerRanks
                0x08005a38       0x58 ./Drivers/STM32L4xx_HAL_Driver/Src/stm32l4xx_hal_adc.o
 .text.LL_ADC_SetChannelSamplingTime
                0x08005a90       0x56 ./Drivers/STM32L4xx_HAL_Driver/Src/stm32l4xx_hal_adc.o
 *fill*         0x08005ae6        0x2 
 .text.LL_ADC_SetChannelSingleDiff
                0x08005ae8       0x48 ./Drivers/STM32L4xx_HAL_Driver/Src/stm32l4xx_hal_adc.o
 .text.LL_ADC_DisableDeepPowerDown
                0x08005b30       0x24 ./Drivers/STM32L4xx_HAL_Driver/Src/stm32l4xx_hal_adc.o
 .text.LL_ADC_IsDeepPowerDownEnabled
                0x08005b54       0x28 ./Drivers/STM32L4xx_HAL_Driver/Src/stm32l4xx_hal_adc.o
 .text.LL_ADC_EnableInternalRegulator
                0x08005b7c       0x28 ./Drivers/STM32L4xx_HAL_Driver/Src/stm32l4xx_hal_adc.o
 .text.LL_ADC_IsInternalRegulatorEnabled
                0x08005ba4       0x28 ./Drivers/STM32L4xx_HAL_Driver/Src/stm32l4xx_hal_adc.o
 .text.LL_ADC_IsEnabled
                0x08005bcc       0x26 ./Drivers/STM32L4xx_HAL_Driver/Src/stm32l4xx_hal_adc.o
 .text.LL_ADC_REG_IsConversionOngoing
                0x08005bf2       0x26 ./Drivers/STM32L4xx_HAL_Driver/Src/stm32l4xx_hal_adc.o
 .text.LL_ADC_INJ_IsConversionOngoing
                0x08005c18       0x26 ./Drivers/STM32L4xx_HAL_Driver/Src/stm32l4xx_hal_adc.o
 *fill*         0x08005c3e        0x2 
 .text.HAL_ADC_Init
                0x08005c40      0x28c ./Drivers/STM32L4xx_HAL_Driver/Src/stm32l4xx_hal_adc.o
                0x08005c40                HAL_ADC_Init
 .text.HAL_ADC_ConfigChannel
                0x08005ecc      0x7f8 ./Drivers/STM32L4xx_HAL_Driver/Src/stm32l4xx_hal_adc.o
                0x08005ecc                HAL_ADC_ConfigChannel
 .text.__NVIC_SetPriorityGrouping
                0x080066c4       0x48 ./Drivers/STM32L4xx_HAL_Driver/Src/stm32l4xx_hal_cortex.o
 .text.__NVIC_GetPriorityGrouping
                0x0800670c       0x1c ./Drivers/STM32L4xx_HAL_Driver/Src/stm32l4xx_hal_cortex.o
 .text.__NVIC_EnableIRQ
                0x08006728       0x3c ./Drivers/STM32L4xx_HAL_Driver/Src/stm32l4xx_hal_cortex.o
 .text.__NVIC_SetPriority
                0x08006764       0x54 ./Drivers/STM32L4xx_HAL_Driver/Src/stm32l4xx_hal_cortex.o
 .text.NVIC_EncodePriority
                0x080067b8       0x66 ./Drivers/STM32L4xx_HAL_Driver/Src/stm32l4xx_hal_cortex.o
 *fill*         0x0800681e        0x2 
 .text.SysTick_Config
                0x08006820       0x44 ./Drivers/STM32L4xx_HAL_Driver/Src/stm32l4xx_hal_cortex.o
 .text.HAL_NVIC_SetPriorityGrouping
                0x08006864       0x16 ./Drivers/STM32L4xx_HAL_Driver/Src/stm32l4xx_hal_cortex.o
                0x08006864                HAL_NVIC_SetPriorityGrouping
 .text.HAL_NVIC_SetPriority
                0x0800687a       0x38 ./Drivers/STM32L4xx_HAL_Driver/Src/stm32l4xx_hal_cortex.o
                0x0800687a                HAL_NVIC_SetPriority
 .text.HAL_NVIC_EnableIRQ
                0x080068b2       0x1c ./Drivers/STM32L4xx_HAL_Driver/Src/stm32l4xx_hal_cortex.o
                0x080068b2                HAL_NVIC_EnableIRQ
 .text.HAL_SYSTICK_Config
                0x080068ce       0x18 ./Drivers/STM32L4xx_HAL_Driver/Src/stm32l4xx_hal_cortex.o
                0x080068ce                HAL_SYSTICK_Config
 *fill*         0x080068e6        0x2 
 .text.HAL_DFSDM_ChannelInit
                0x080068e8      0x180 ./Drivers/STM32L4xx_HAL_Driver/Src/stm32l4xx_hal_dfsdm.o
                0x080068e8                HAL_DFSDM_ChannelInit
 .text.HAL_DFSDM_FilterInit
                0x08006a68      0x1b4 ./Drivers/STM32L4xx_HAL_Driver/Src/stm32l4xx_hal_dfsdm.o
                0x08006a68                HAL_DFSDM_FilterInit
 .text.HAL_DFSDM_FilterConfigRegChannel
                0x08006c1c       0x8a ./Drivers/STM32L4xx_HAL_Driver/Src/stm32l4xx_hal_dfsdm.o
                0x08006c1c                HAL_DFSDM_FilterConfigRegChannel
 *fill*         0x08006ca6        0x2 
 .text.HAL_DFSDM_FilterRegularStart_DMA
                0x08006ca8      0x104 ./Drivers/STM32L4xx_HAL_Driver/Src/stm32l4xx_hal_dfsdm.o
                0x08006ca8                HAL_DFSDM_FilterRegularStart_DMA
 .text.HAL_DFSDM_FilterErrorCallback
                0x08006dac       0x14 ./Drivers/STM32L4xx_HAL_Driver/Src/stm32l4xx_hal_dfsdm.o
                0x08006dac                HAL_DFSDM_FilterErrorCallback
 .text.DFSDM_DMARegularHalfConvCplt
                0x08006dc0       0x1c ./Drivers/STM32L4xx_HAL_Driver/Src/stm32l4xx_hal_dfsdm.o
 .text.DFSDM_DMARegularConvCplt
                0x08006ddc       0x1c ./Drivers/STM32L4xx_HAL_Driver/Src/stm32l4xx_hal_dfsdm.o
 .text.DFSDM_DMAError
                0x08006df8       0x22 ./Drivers/STM32L4xx_HAL_Driver/Src/stm32l4xx_hal_dfsdm.o
 *fill*         0x08006e1a        0x2 
 .text.DFSDM_GetChannelFromInstance
                0x08006e1c       0x98 ./Drivers/STM32L4xx_HAL_Driver/Src/stm32l4xx_hal_dfsdm.o
 .text.DFSDM_RegConvStart
                0x08006eb4       0xac ./Drivers/STM32L4xx_HAL_Driver/Src/stm32l4xx_hal_dfsdm.o
 .text.HAL_DMA_Init
                0x08006f60      0x150 ./Drivers/STM32L4xx_HAL_Driver/Src/stm32l4xx_hal_dma.o
                0x08006f60                HAL_DMA_Init
 .text.HAL_DMA_Start_IT
                0x080070b0       0xf6 ./Drivers/STM32L4xx_HAL_Driver/Src/stm32l4xx_hal_dma.o
                0x080070b0                HAL_DMA_Start_IT
 .text.HAL_DMA_IRQHandler
                0x080071a6      0x15e ./Drivers/STM32L4xx_HAL_Driver/Src/stm32l4xx_hal_dma.o
                0x080071a6                HAL_DMA_IRQHandler
 .text.DMA_SetConfig
                0x08007304       0x7c ./Drivers/STM32L4xx_HAL_Driver/Src/stm32l4xx_hal_dma.o
 .text.DMA_CalcDMAMUXChannelBaseAndMask
                0x08007380       0x7c ./Drivers/STM32L4xx_HAL_Driver/Src/stm32l4xx_hal_dma.o
 .text.DMA_CalcDMAMUXRequestGenBaseAndMask
                0x080073fc       0x48 ./Drivers/STM32L4xx_HAL_Driver/Src/stm32l4xx_hal_dma.o
 .text.HAL_GPIO_Init
                0x08007444      0x324 ./Drivers/STM32L4xx_HAL_Driver/Src/stm32l4xx_hal_gpio.o
                0x08007444                HAL_GPIO_Init
 .text.HAL_GPIO_WritePin
                0x08007768       0x30 ./Drivers/STM32L4xx_HAL_Driver/Src/stm32l4xx_hal_gpio.o
                0x08007768                HAL_GPIO_WritePin
 .text.HAL_GPIO_EXTI_IRQHandler
                0x08007798       0x30 ./Drivers/STM32L4xx_HAL_Driver/Src/stm32l4xx_hal_gpio.o
                0x08007798                HAL_GPIO_EXTI_IRQHandler
 .text.HAL_GPIO_EXTI_Callback
                0x080077c8       0x16 ./Drivers/STM32L4xx_HAL_Driver/Src/stm32l4xx_hal_gpio.o
                0x080077c8                HAL_GPIO_EXTI_Callback
 .text.HAL_I2C_Init
                0x080077de      0x136 ./Drivers/STM32L4xx_HAL_Driver/Src/stm32l4xx_hal_i2c.o
                0x080077de                HAL_I2C_Init
 .text.HAL_I2CEx_ConfigAnalogFilter
                0x08007914       0x96 ./Drivers/STM32L4xx_HAL_Driver/Src/stm32l4xx_hal_i2c_ex.o
                0x08007914                HAL_I2CEx_ConfigAnalogFilter
 .text.HAL_I2CEx_ConfigDigitalFilter
                0x080079aa       0x98 ./Drivers/STM32L4xx_HAL_Driver/Src/stm32l4xx_hal_i2c_ex.o
                0x080079aa                HAL_I2CEx_ConfigDigitalFilter
 *fill*         0x08007a42        0x2 
 .text.HAL_OSPI_Init
                0x08007a44      0x154 ./Drivers/STM32L4xx_HAL_Driver/Src/stm32l4xx_hal_ospi.o
                0x08007a44                HAL_OSPI_Init
 .text.HAL_OSPI_SetTimeout
                0x08007b98       0x1e ./Drivers/STM32L4xx_HAL_Driver/Src/stm32l4xx_hal_ospi.o
                0x08007b98                HAL_OSPI_SetTimeout
 *fill*         0x08007bb6        0x2 
 .text.HAL_OSPIM_Config
                0x08007bb8      0x670 ./Drivers/STM32L4xx_HAL_Driver/Src/stm32l4xx_hal_ospi.o
                0x08007bb8                HAL_OSPIM_Config
 .text.OSPI_WaitFlagStateUntilTimeout
                0x08008228       0x6e ./Drivers/STM32L4xx_HAL_Driver/Src/stm32l4xx_hal_ospi.o
 *fill*         0x08008296        0x2 
 .text.OSPIM_GetConfig
                0x08008298      0x160 ./Drivers/STM32L4xx_HAL_Driver/Src/stm32l4xx_hal_ospi.o
 .text.HAL_PWR_EnableBkUpAccess
                0x080083f8       0x20 ./Drivers/STM32L4xx_HAL_Driver/Src/stm32l4xx_hal_pwr.o
                0x080083f8                HAL_PWR_EnableBkUpAccess
 .text.HAL_PWREx_GetVoltageRange
                0x08008418       0x40 ./Drivers/STM32L4xx_HAL_Driver/Src/stm32l4xx_hal_pwr_ex.o
                0x08008418                HAL_PWREx_GetVoltageRange
 .text.HAL_PWREx_ControlVoltageScaling
                0x08008458      0x148 ./Drivers/STM32L4xx_HAL_Driver/Src/stm32l4xx_hal_pwr_ex.o
                0x08008458                HAL_PWREx_ControlVoltageScaling
 .text.HAL_RCC_OscConfig
                0x080085a0      0x834 ./Drivers/STM32L4xx_HAL_Driver/Src/stm32l4xx_hal_rcc.o
                0x080085a0                HAL_RCC_OscConfig
 .text.HAL_RCC_ClockConfig
                0x08008dd4      0x274 ./Drivers/STM32L4xx_HAL_Driver/Src/stm32l4xx_hal_rcc.o
                0x08008dd4                HAL_RCC_ClockConfig
 .text.HAL_RCC_GetSysClockFreq
                0x08009048      0x118 ./Drivers/STM32L4xx_HAL_Driver/Src/stm32l4xx_hal_rcc.o
                0x08009048                HAL_RCC_GetSysClockFreq
 .text.HAL_RCC_GetHCLKFreq
                0x08009160       0x18 ./Drivers/STM32L4xx_HAL_Driver/Src/stm32l4xx_hal_rcc.o
                0x08009160                HAL_RCC_GetHCLKFreq
 .text.HAL_RCC_GetPCLK1Freq
                0x08009178       0x2c ./Drivers/STM32L4xx_HAL_Driver/Src/stm32l4xx_hal_rcc.o
                0x08009178                HAL_RCC_GetPCLK1Freq
 .text.HAL_RCC_GetPCLK2Freq
                0x080091a4       0x2c ./Drivers/STM32L4xx_HAL_Driver/Src/stm32l4xx_hal_rcc.o
                0x080091a4                HAL_RCC_GetPCLK2Freq
 .text.RCC_SetFlashLatencyFromMSIRange
                0x080091d0       0xb4 ./Drivers/STM32L4xx_HAL_Driver/Src/stm32l4xx_hal_rcc.o
 .text.RCC_GetSysClockFreqFromPLLSource
                0x08009284       0xcc ./Drivers/STM32L4xx_HAL_Driver/Src/stm32l4xx_hal_rcc.o
 .text.HAL_RCCEx_PeriphCLKConfig
                0x08009350      0x660 ./Drivers/STM32L4xx_HAL_Driver/Src/stm32l4xx_hal_rcc_ex.o
                0x08009350                HAL_RCCEx_PeriphCLKConfig
 .text.HAL_RCCEx_EnableMSIPLLMode
                0x080099b0       0x20 ./Drivers/STM32L4xx_HAL_Driver/Src/stm32l4xx_hal_rcc_ex.o
                0x080099b0                HAL_RCCEx_EnableMSIPLLMode
 .text.RCCEx_PLLSAI1_Config
                0x080099d0      0x1e8 ./Drivers/STM32L4xx_HAL_Driver/Src/stm32l4xx_hal_rcc_ex.o
 .text.RCCEx_PLLSAI2_Config
                0x08009bb8      0x1e8 ./Drivers/STM32L4xx_HAL_Driver/Src/stm32l4xx_hal_rcc_ex.o
 .text.HAL_SPI_Init
                0x08009da0      0x146 ./Drivers/STM32L4xx_HAL_Driver/Src/stm32l4xx_hal_spi.o
                0x08009da0                HAL_SPI_Init
 .text.HAL_UART_Init
                0x08009ee6       0xa0 ./Drivers/STM32L4xx_HAL_Driver/Src/stm32l4xx_hal_uart.o
                0x08009ee6                HAL_UART_Init
 .text.HAL_UART_Transmit
                0x08009f86      0x11c ./Drivers/STM32L4xx_HAL_Driver/Src/stm32l4xx_hal_uart.o
                0x08009f86                HAL_UART_Transmit
 *fill*         0x0800a0a2        0x2 
 .text.UART_SetConfig
                0x0800a0a4      0x5f8 ./Drivers/STM32L4xx_HAL_Driver/Src/stm32l4xx_hal_uart.o
                0x0800a0a4                UART_SetConfig
 .text.UART_AdvFeatureConfig
                0x0800a69c      0x144 ./Drivers/STM32L4xx_HAL_Driver/Src/stm32l4xx_hal_uart.o
                0x0800a69c                UART_AdvFeatureConfig
 .text.UART_CheckIdleState
                0x0800a7e0      0x154 ./Drivers/STM32L4xx_HAL_Driver/Src/stm32l4xx_hal_uart.o
                0x0800a7e0                UART_CheckIdleState
 .text.UART_WaitOnFlagUntilTimeout
                0x0800a934       0xda ./Drivers/STM32L4xx_HAL_Driver/Src/stm32l4xx_hal_uart.o
                0x0800a934                UART_WaitOnFlagUntilTimeout
 .text.UART_EndRxTransfer
                0x0800aa0e       0xcc ./Drivers/STM32L4xx_HAL_Driver/Src/stm32l4xx_hal_uart.o
 .text.HAL_UARTEx_DisableFifoMode
                0x0800aada       0x72 ./Drivers/STM32L4xx_HAL_Driver/Src/stm32l4xx_hal_uart_ex.o
                0x0800aada                HAL_UARTEx_DisableFifoMode
 .text.HAL_UARTEx_SetTxFifoThreshold
                0x0800ab4c       0x7c ./Drivers/STM32L4xx_HAL_Driver/Src/stm32l4xx_hal_uart_ex.o
                0x0800ab4c                HAL_UARTEx_SetTxFifoThreshold
 .text.HAL_UARTEx_SetRxFifoThreshold
                0x0800abc8       0x7c ./Drivers/STM32L4xx_HAL_Driver/Src/stm32l4xx_hal_uart_ex.o
                0x0800abc8                HAL_UARTEx_SetRxFifoThreshold
 .text.UARTEx_SetNbDataToProcess
                0x0800ac44       0x9c ./Drivers/STM32L4xx_HAL_Driver/Src/stm32l4xx_hal_uart_ex.o
 .text.__NVIC_SetPriority
                0x0800ace0       0x54 ./Middlewares/Third_Party/FreeRTOS/Source/CMSIS_RTOS_V2/cmsis_os2.o
 .text.SVC_Setup
                0x0800ad34       0x12 ./Middlewares/Third_Party/FreeRTOS/Source/CMSIS_RTOS_V2/cmsis_os2.o
 *fill*         0x0800ad46        0x2 
 .text.osKernelInitialize
                0x0800ad48       0x48 ./Middlewares/Third_Party/FreeRTOS/Source/CMSIS_RTOS_V2/cmsis_os2.o
                0x0800ad48                osKernelInitialize
 .text.osKernelStart
                0x0800ad90       0x4c ./Middlewares/Third_Party/FreeRTOS/Source/CMSIS_RTOS_V2/cmsis_os2.o
                0x0800ad90                osKernelStart
 .text.osThreadNew
                0x0800addc      0x124 ./Middlewares/Third_Party/FreeRTOS/Source/CMSIS_RTOS_V2/cmsis_os2.o
                0x0800addc                osThreadNew
 .text.osSemaphoreNew
                0x0800af00      0x112 ./Middlewares/Third_Party/FreeRTOS/Source/CMSIS_RTOS_V2/cmsis_os2.o
                0x0800af00                osSemaphoreNew
 *fill*         0x0800b012        0x2 
 .text.osSemaphoreAcquire
                0x0800b014       0xa4 ./Middlewares/Third_Party/FreeRTOS/Source/CMSIS_RTOS_V2/cmsis_os2.o
                0x0800b014                osSemaphoreAcquire
 .text.osSemaphoreRelease
                0x0800b0b8       0x88 ./Middlewares/Third_Party/FreeRTOS/Source/CMSIS_RTOS_V2/cmsis_os2.o
                0x0800b0b8                osSemaphoreRelease
 .text.vApplicationGetIdleTaskMemory
                0x0800b140       0x34 ./Middlewares/Third_Party/FreeRTOS/Source/CMSIS_RTOS_V2/cmsis_os2.o
                0x0800b140                vApplicationGetIdleTaskMemory
 .text.vApplicationGetTimerTaskMemory
                0x0800b174       0x34 ./Middlewares/Third_Party/FreeRTOS/Source/CMSIS_RTOS_V2/cmsis_os2.o
                0x0800b174                vApplicationGetTimerTaskMemory
 .text.vListInitialise
                0x0800b1a8       0x40 ./Middlewares/Third_Party/FreeRTOS/Source/list.o
                0x0800b1a8                vListInitialise
 .text.vListInitialiseItem
                0x0800b1e8       0x1a ./Middlewares/Third_Party/FreeRTOS/Source/list.o
                0x0800b1e8                vListInitialiseItem
 .text.vListInsertEnd
                0x0800b202       0x48 ./Middlewares/Third_Party/FreeRTOS/Source/list.o
                0x0800b202                vListInsertEnd
 .text.vListInsert
                0x0800b24a       0x72 ./Middlewares/Third_Party/FreeRTOS/Source/list.o
                0x0800b24a                vListInsert
 .text.uxListRemove
                0x0800b2bc       0x54 ./Middlewares/Third_Party/FreeRTOS/Source/list.o
                0x0800b2bc                uxListRemove
 .text.xQueueGenericReset
                0x0800b310       0xd4 ./Middlewares/Third_Party/FreeRTOS/Source/queue.o
                0x0800b310                xQueueGenericReset
 .text.xQueueGenericCreateStatic
                0x0800b3e4       0xfa ./Middlewares/Third_Party/FreeRTOS/Source/queue.o
                0x0800b3e4                xQueueGenericCreateStatic
 .text.xQueueGenericCreate
                0x0800b4de       0x76 ./Middlewares/Third_Party/FreeRTOS/Source/queue.o
                0x0800b4de                xQueueGenericCreate
 .text.prvInitialiseNewQueue
                0x0800b554       0x46 ./Middlewares/Third_Party/FreeRTOS/Source/queue.o
 .text.xQueueCreateCountingSemaphoreStatic
                0x0800b59a       0x72 ./Middlewares/Third_Party/FreeRTOS/Source/queue.o
                0x0800b59a                xQueueCreateCountingSemaphoreStatic
 .text.xQueueCreateCountingSemaphore
                0x0800b60c       0x6a ./Middlewares/Third_Party/FreeRTOS/Source/queue.o
                0x0800b60c                xQueueCreateCountingSemaphore
 *fill*         0x0800b676        0x2 
 .text.xQueueGenericSend
                0x0800b678      0x204 ./Middlewares/Third_Party/FreeRTOS/Source/queue.o
                0x0800b678                xQueueGenericSend
 .text.xQueueGenericSendFromISR
                0x0800b87c      0x13c ./Middlewares/Third_Party/FreeRTOS/Source/queue.o
                0x0800b87c                xQueueGenericSendFromISR
 .text.xQueueGiveFromISR
                0x0800b9b8      0x120 ./Middlewares/Third_Party/FreeRTOS/Source/queue.o
                0x0800b9b8                xQueueGiveFromISR
 .text.xQueueReceive
                0x0800bad8      0x1c4 ./Middlewares/Third_Party/FreeRTOS/Source/queue.o
                0x0800bad8                xQueueReceive
 .text.xQueueSemaphoreTake
                0x0800bc9c      0x220 ./Middlewares/Third_Party/FreeRTOS/Source/queue.o
                0x0800bc9c                xQueueSemaphoreTake
 .text.xQueueReceiveFromISR
                0x0800bebc      0x104 ./Middlewares/Third_Party/FreeRTOS/Source/queue.o
                0x0800bebc                xQueueReceiveFromISR
 .text.vQueueDelete
                0x0800bfc0       0x48 ./Middlewares/Third_Party/FreeRTOS/Source/queue.o
                0x0800bfc0                vQueueDelete
 .text.prvGetDisinheritPriorityAfterTimeout
                0x0800c008       0x30 ./Middlewares/Third_Party/FreeRTOS/Source/queue.o
 .text.prvCopyDataToQueue
                0x0800c038       0xd4 ./Middlewares/Third_Party/FreeRTOS/Source/queue.o
 .text.prvCopyDataFromQueue
                0x0800c10c       0x4c ./Middlewares/Third_Party/FreeRTOS/Source/queue.o
 .text.prvUnlockQueue
                0x0800c158       0xa4 ./Middlewares/Third_Party/FreeRTOS/Source/queue.o
 .text.prvIsQueueEmpty
                0x0800c1fc       0x2c ./Middlewares/Third_Party/FreeRTOS/Source/queue.o
 .text.prvIsQueueFull
                0x0800c228       0x30 ./Middlewares/Third_Party/FreeRTOS/Source/queue.o
 .text.vQueueAddToRegistry
                0x0800c258       0x54 ./Middlewares/Third_Party/FreeRTOS/Source/queue.o
                0x0800c258                vQueueAddToRegistry
 .text.vQueueUnregisterQueue
                0x0800c2ac       0x54 ./Middlewares/Third_Party/FreeRTOS/Source/queue.o
                0x0800c2ac                vQueueUnregisterQueue
 .text.vQueueWaitForMessageRestricted
                0x0800c300       0x68 ./Middlewares/Third_Party/FreeRTOS/Source/queue.o
                0x0800c300                vQueueWaitForMessageRestricted
 .text.xTaskCreateStatic
                0x0800c368       0xc0 ./Middlewares/Third_Party/FreeRTOS/Source/tasks.o
                0x0800c368                xTaskCreateStatic
 .text.xTaskCreate
                0x0800c428       0x8a ./Middlewares/Third_Party/FreeRTOS/Source/tasks.o
                0x0800c428                xTaskCreate
 .text.prvInitialiseNewTask
                0x0800c4b2      0x120 ./Middlewares/Third_Party/FreeRTOS/Source/tasks.o
 *fill*         0x0800c5d2        0x2 
 .text.prvAddNewTaskToReadyList
                0x0800c5d4       0xe0 ./Middlewares/Third_Party/FreeRTOS/Source/tasks.o
 .text.vTaskStartScheduler
                0x0800c6b4       0xd0 ./Middlewares/Third_Party/FreeRTOS/Source/tasks.o
                0x0800c6b4                vTaskStartScheduler
 .text.vTaskSuspendAll
                0x0800c784       0x1c ./Middlewares/Third_Party/FreeRTOS/Source/tasks.o
                0x0800c784                vTaskSuspendAll
 .text.xTaskResumeAll
                0x0800c7a0      0x13c ./Middlewares/Third_Party/FreeRTOS/Source/tasks.o
                0x0800c7a0                xTaskResumeAll
 .text.xTaskGetTickCount
                0x0800c8dc       0x20 ./Middlewares/Third_Party/FreeRTOS/Source/tasks.o
                0x0800c8dc                xTaskGetTickCount
 .text.xTaskIncrementTick
                0x0800c8fc      0x174 ./Middlewares/Third_Party/FreeRTOS/Source/tasks.o
                0x0800c8fc                xTaskIncrementTick
 .text.vTaskSwitchContext
                0x0800ca70       0xbc ./Middlewares/Third_Party/FreeRTOS/Source/tasks.o
                0x0800ca70                vTaskSwitchContext
 .text.vTaskPlaceOnEventList
                0x0800cb2c       0x4c ./Middlewares/Third_Party/FreeRTOS/Source/tasks.o
                0x0800cb2c                vTaskPlaceOnEventList
 .text.vTaskPlaceOnEventListRestricted
                0x0800cb78       0x58 ./Middlewares/Third_Party/FreeRTOS/Source/tasks.o
                0x0800cb78                vTaskPlaceOnEventListRestricted
 .text.xTaskRemoveFromEventList
                0x0800cbd0       0xc8 ./Middlewares/Third_Party/FreeRTOS/Source/tasks.o
                0x0800cbd0                xTaskRemoveFromEventList
 .text.vTaskInternalSetTimeOutState
                0x0800cc98       0x2c ./Middlewares/Third_Party/FreeRTOS/Source/tasks.o
                0x0800cc98                vTaskInternalSetTimeOutState
 .text.xTaskCheckForTimeOut
                0x0800ccc4       0xc8 ./Middlewares/Third_Party/FreeRTOS/Source/tasks.o
                0x0800ccc4                xTaskCheckForTimeOut
 .text.vTaskMissedYield
                0x0800cd8c       0x18 ./Middlewares/Third_Party/FreeRTOS/Source/tasks.o
                0x0800cd8c                vTaskMissedYield
 .text.prvIdleTask
                0x0800cda4       0x30 ./Middlewares/Third_Party/FreeRTOS/Source/tasks.o
 .text.prvInitialiseTaskLists
                0x0800cdd4       0x80 ./Middlewares/Third_Party/FreeRTOS/Source/tasks.o
 .text.prvCheckTasksWaitingTermination
                0x0800ce54       0x5c ./Middlewares/Third_Party/FreeRTOS/Source/tasks.o
 .text.prvDeleteTCB
                0x0800ceb0       0x60 ./Middlewares/Third_Party/FreeRTOS/Source/tasks.o
 .text.prvResetNextTaskUnblockTime
                0x0800cf10       0x40 ./Middlewares/Third_Party/FreeRTOS/Source/tasks.o
 .text.xTaskGetSchedulerState
                0x0800cf50       0x3c ./Middlewares/Third_Party/FreeRTOS/Source/tasks.o
                0x0800cf50                xTaskGetSchedulerState
 .text.xTaskPriorityInherit
                0x0800cf8c       0xd0 ./Middlewares/Third_Party/FreeRTOS/Source/tasks.o
                0x0800cf8c                xTaskPriorityInherit
 .text.xTaskPriorityDisinherit
                0x0800d05c       0xe0 ./Middlewares/Third_Party/FreeRTOS/Source/tasks.o
                0x0800d05c                xTaskPriorityDisinherit
 .text.vTaskPriorityDisinheritAfterTimeout
                0x0800d13c      0x108 ./Middlewares/Third_Party/FreeRTOS/Source/tasks.o
                0x0800d13c                vTaskPriorityDisinheritAfterTimeout
 .text.pvTaskIncrementMutexHeldCount
                0x0800d244       0x28 ./Middlewares/Third_Party/FreeRTOS/Source/tasks.o
                0x0800d244                pvTaskIncrementMutexHeldCount
 .text.prvAddCurrentTaskToDelayedList
                0x0800d26c       0xa8 ./Middlewares/Third_Party/FreeRTOS/Source/tasks.o
 .text.xTimerCreateTimerTask
                0x0800d314       0x94 ./Middlewares/Third_Party/FreeRTOS/Source/timers.o
                0x0800d314                xTimerCreateTimerTask
 .text.xTimerGenericCommand
                0x0800d3a8       0x9c ./Middlewares/Third_Party/FreeRTOS/Source/timers.o
                0x0800d3a8                xTimerGenericCommand
 .text.prvProcessExpiredTimer
                0x0800d444       0x9c ./Middlewares/Third_Party/FreeRTOS/Source/timers.o
 .text.prvTimerTask
                0x0800d4e0       0x26 ./Middlewares/Third_Party/FreeRTOS/Source/timers.o
 *fill*         0x0800d506        0x2 
 .text.prvProcessTimerOrBlockTask
                0x0800d508       0x9c ./Middlewares/Third_Party/FreeRTOS/Source/timers.o
 .text.prvGetNextExpireTime
                0x0800d5a4       0x48 ./Middlewares/Third_Party/FreeRTOS/Source/timers.o
 .text.prvSampleTimeNow
                0x0800d5ec       0x40 ./Middlewares/Third_Party/FreeRTOS/Source/timers.o
 .text.prvInsertTimerInActiveList
                0x0800d62c       0x84 ./Middlewares/Third_Party/FreeRTOS/Source/timers.o
 .text.prvProcessReceivedCommands
                0x0800d6b0      0x1cc ./Middlewares/Third_Party/FreeRTOS/Source/timers.o
 .text.prvSwitchTimerLists
                0x0800d87c       0xcc ./Middlewares/Third_Party/FreeRTOS/Source/timers.o
 .text.prvCheckForValidListAndQueue
                0x0800d948       0x80 ./Middlewares/Third_Party/FreeRTOS/Source/timers.o
 .text.pxPortInitialiseStack
                0x0800d9c8       0x68 ./Middlewares/Third_Party/FreeRTOS/Source/portable/GCC/ARM_CM4F/port.o
                0x0800d9c8                pxPortInitialiseStack
 .text.prvTaskExitError
                0x0800da30       0x5c ./Middlewares/Third_Party/FreeRTOS/Source/portable/GCC/ARM_CM4F/port.o
 *fill*         0x0800da8c        0x4 
 .text.SVC_Handler
                0x0800da90       0x28 ./Middlewares/Third_Party/FreeRTOS/Source/portable/GCC/ARM_CM4F/port.o
                0x0800da90                SVC_Handler
 .text.prvPortStartFirstTask
                0x0800dab8       0x28 ./Middlewares/Third_Party/FreeRTOS/Source/portable/GCC/ARM_CM4F/port.o
 .text.xPortStartScheduler
                0x0800dae0      0x148 ./Middlewares/Third_Party/FreeRTOS/Source/portable/GCC/ARM_CM4F/port.o
                0x0800dae0                xPortStartScheduler
 .text.vPortEnterCritical
                0x0800dc28       0x64 ./Middlewares/Third_Party/FreeRTOS/Source/portable/GCC/ARM_CM4F/port.o
                0x0800dc28                vPortEnterCritical
 .text.vPortExitCritical
                0x0800dc8c       0x54 ./Middlewares/Third_Party/FreeRTOS/Source/portable/GCC/ARM_CM4F/port.o
                0x0800dc8c                vPortExitCritical
 .text.PendSV_Handler
                0x0800dce0       0x68 ./Middlewares/Third_Party/FreeRTOS/Source/portable/GCC/ARM_CM4F/port.o
                0x0800dce0                PendSV_Handler
 .text.xPortSysTickHandler
                0x0800dd48       0x44 ./Middlewares/Third_Party/FreeRTOS/Source/portable/GCC/ARM_CM4F/port.o
                0x0800dd48                xPortSysTickHandler
 .text.vPortSetupTimerInterrupt
                0x0800dd8c       0x48 ./Middlewares/Third_Party/FreeRTOS/Source/portable/GCC/ARM_CM4F/port.o
                0x0800dd8c                vPortSetupTimerInterrupt
 .text.vPortEnableVFP
                0x0800ddd4       0x14 ./Middlewares/Third_Party/FreeRTOS/Source/portable/GCC/ARM_CM4F/port.o
 .text.vPortValidateInterruptPriority
                0x0800dde8       0x84 ./Middlewares/Third_Party/FreeRTOS/Source/portable/GCC/ARM_CM4F/port.o
                0x0800dde8                vPortValidateInterruptPriority
 .text.pvPortMalloc
                0x0800de6c      0x19c ./Middlewares/Third_Party/FreeRTOS/Source/portable/MemMang/heap_4.o
                0x0800de6c                pvPortMalloc
 .text.vPortFree
                0x0800e008       0xc8 ./Middlewares/Third_Party/FreeRTOS/Source/portable/MemMang/heap_4.o
                0x0800e008                vPortFree
 .text.prvHeapInit
                0x0800e0d0       0xc4 ./Middlewares/Third_Party/FreeRTOS/Source/portable/MemMang/heap_4.o
 .text.prvInsertBlockIntoFreeList
                0x0800e194       0xb4 ./Middlewares/Third_Party/FreeRTOS/Source/portable/MemMang/heap_4.o
 .text.__cvt    0x0800e248       0xca /Applications/STM32CubeIDE.app/Contents/Eclipse/plugins/com.st.stm32cube.ide.mcu.externaltools.gnu-tools-for-stm32.12.3.rel1.macos64_1.1.0.202410301201/tools/bin/../lib/gcc/arm-none-eabi/12.3.1/../../../../arm-none-eabi/lib/thumb/v7e-m+fp/hard/libc_nano.a(libc_a-nano-vfprintf_float.o)
                0x0800e248                __cvt
 .text.__exponent
                0x0800e312       0x74 /Applications/STM32CubeIDE.app/Contents/Eclipse/plugins/com.st.stm32cube.ide.mcu.externaltools.gnu-tools-for-stm32.12.3.rel1.macos64_1.1.0.202410301201/tools/bin/../lib/gcc/arm-none-eabi/12.3.1/../../../../arm-none-eabi/lib/thumb/v7e-m+fp/hard/libc_nano.a(libc_a-nano-vfprintf_float.o)
                0x0800e312                __exponent
 *fill*         0x0800e386        0x2 
 .text._printf_float
                0x0800e388      0x454 /Applications/STM32CubeIDE.app/Contents/Eclipse/plugins/com.st.stm32cube.ide.mcu.externaltools.gnu-tools-for-stm32.12.3.rel1.macos64_1.1.0.202410301201/tools/bin/../lib/gcc/arm-none-eabi/12.3.1/../../../../arm-none-eabi/lib/thumb/v7e-m+fp/hard/libc_nano.a(libc_a-nano-vfprintf_float.o)
                0x0800e388                _printf_float
 .text._printf_common
                0x0800e7dc       0xda /Applications/STM32CubeIDE.app/Contents/Eclipse/plugins/com.st.stm32cube.ide.mcu.externaltools.gnu-tools-for-stm32.12.3.rel1.macos64_1.1.0.202410301201/tools/bin/../lib/gcc/arm-none-eabi/12.3.1/../../../../arm-none-eabi/lib/thumb/v7e-m+fp/hard/libc_nano.a(libc_a-nano-vfprintf_i.o)
                0x0800e7dc                _printf_common
 *fill*         0x0800e8b6        0x2 
 .text._printf_i
                0x0800e8b8      0x240 /Applications/STM32CubeIDE.app/Contents/Eclipse/plugins/com.st.stm32cube.ide.mcu.externaltools.gnu-tools-for-stm32.12.3.rel1.macos64_1.1.0.202410301201/tools/bin/../lib/gcc/arm-none-eabi/12.3.1/../../../../arm-none-eabi/lib/thumb/v7e-m+fp/hard/libc_nano.a(libc_a-nano-vfprintf_i.o)
                0x0800e8b8                _printf_i
 .text.std      0x0800eaf8       0x6c /Applications/STM32CubeIDE.app/Contents/Eclipse/plugins/com.st.stm32cube.ide.mcu.externaltools.gnu-tools-for-stm32.12.3.rel1.macos64_1.1.0.202410301201/tools/bin/../lib/gcc/arm-none-eabi/12.3.1/../../../../arm-none-eabi/lib/thumb/v7e-m+fp/hard/libc_nano.a(libc_a-findfp.o)
 .text.stdio_exit_handler
                0x0800eb64       0x18 /Applications/STM32CubeIDE.app/Contents/Eclipse/plugins/com.st.stm32cube.ide.mcu.externaltools.gnu-tools-for-stm32.12.3.rel1.macos64_1.1.0.202410301201/tools/bin/../lib/gcc/arm-none-eabi/12.3.1/../../../../arm-none-eabi/lib/thumb/v7e-m+fp/hard/libc_nano.a(libc_a-findfp.o)
 .text.cleanup_stdio
                0x0800eb7c       0x40 /Applications/STM32CubeIDE.app/Contents/Eclipse/plugins/com.st.stm32cube.ide.mcu.externaltools.gnu-tools-for-stm32.12.3.rel1.macos64_1.1.0.202410301201/tools/bin/../lib/gcc/arm-none-eabi/12.3.1/../../../../arm-none-eabi/lib/thumb/v7e-m+fp/hard/libc_nano.a(libc_a-findfp.o)
 .text.global_stdio_init.part.0
                0x0800ebbc       0x3c /Applications/STM32CubeIDE.app/Contents/Eclipse/plugins/com.st.stm32cube.ide.mcu.externaltools.gnu-tools-for-stm32.12.3.rel1.macos64_1.1.0.202410301201/tools/bin/../lib/gcc/arm-none-eabi/12.3.1/../../../../arm-none-eabi/lib/thumb/v7e-m+fp/hard/libc_nano.a(libc_a-findfp.o)
 .text.__sfp_lock_acquire
                0x0800ebf8        0xc /Applications/STM32CubeIDE.app/Contents/Eclipse/plugins/com.st.stm32cube.ide.mcu.externaltools.gnu-tools-for-stm32.12.3.rel1.macos64_1.1.0.202410301201/tools/bin/../lib/gcc/arm-none-eabi/12.3.1/../../../../arm-none-eabi/lib/thumb/v7e-m+fp/hard/libc_nano.a(libc_a-findfp.o)
                0x0800ebf8                __sfp_lock_acquire
 .text.__sfp_lock_release
                0x0800ec04        0xc /Applications/STM32CubeIDE.app/Contents/Eclipse/plugins/com.st.stm32cube.ide.mcu.externaltools.gnu-tools-for-stm32.12.3.rel1.macos64_1.1.0.202410301201/tools/bin/../lib/gcc/arm-none-eabi/12.3.1/../../../../arm-none-eabi/lib/thumb/v7e-m+fp/hard/libc_nano.a(libc_a-findfp.o)
                0x0800ec04                __sfp_lock_release
 .text.__sinit  0x0800ec10       0x30 /Applications/STM32CubeIDE.app/Contents/Eclipse/plugins/com.st.stm32cube.ide.mcu.externaltools.gnu-tools-for-stm32.12.3.rel1.macos64_1.1.0.202410301201/tools/bin/../lib/gcc/arm-none-eabi/12.3.1/../../../../arm-none-eabi/lib/thumb/v7e-m+fp/hard/libc_nano.a(libc_a-findfp.o)
                0x0800ec10                __sinit
 .text._fwalk_sglue
                0x0800ec40       0x3c /Applications/STM32CubeIDE.app/Contents/Eclipse/plugins/com.st.stm32cube.ide.mcu.externaltools.gnu-tools-for-stm32.12.3.rel1.macos64_1.1.0.202410301201/tools/bin/../lib/gcc/arm-none-eabi/12.3.1/../../../../arm-none-eabi/lib/thumb/v7e-m+fp/hard/libc_nano.a(libc_a-fwalk.o)
                0x0800ec40                _fwalk_sglue
 .text.printf   0x0800ec7c       0x24 /Applications/STM32CubeIDE.app/Contents/Eclipse/plugins/com.st.stm32cube.ide.mcu.externaltools.gnu-tools-for-stm32.12.3.rel1.macos64_1.1.0.202410301201/tools/bin/../lib/gcc/arm-none-eabi/12.3.1/../../../../arm-none-eabi/lib/thumb/v7e-m+fp/hard/libc_nano.a(libc_a-printf.o)
                0x0800ec7c                printf
                0x0800ec7c                iprintf
 .text.memset   0x0800eca0       0x10 /Applications/STM32CubeIDE.app/Contents/Eclipse/plugins/com.st.stm32cube.ide.mcu.externaltools.gnu-tools-for-stm32.12.3.rel1.macos64_1.1.0.202410301201/tools/bin/../lib/gcc/arm-none-eabi/12.3.1/../../../../arm-none-eabi/lib/thumb/v7e-m+fp/hard/libc_nano.a(libc_a-memset.o)
                0x0800eca0                memset
 .text._localeconv_r
                0x0800ecb0        0x8 /Applications/STM32CubeIDE.app/Contents/Eclipse/plugins/com.st.stm32cube.ide.mcu.externaltools.gnu-tools-for-stm32.12.3.rel1.macos64_1.1.0.202410301201/tools/bin/../lib/gcc/arm-none-eabi/12.3.1/../../../../arm-none-eabi/lib/thumb/v7e-m+fp/hard/libc_nano.a(libc_a-localeconv.o)
                0x0800ecb0                _localeconv_r
 .text.__errno  0x0800ecb8        0xc /Applications/STM32CubeIDE.app/Contents/Eclipse/plugins/com.st.stm32cube.ide.mcu.externaltools.gnu-tools-for-stm32.12.3.rel1.macos64_1.1.0.202410301201/tools/bin/../lib/gcc/arm-none-eabi/12.3.1/../../../../arm-none-eabi/lib/thumb/v7e-m+fp/hard/libc_nano.a(libc_a-errno.o)
                0x0800ecb8                __errno
 .text.__libc_init_array
                0x0800ecc4       0x48 /Applications/STM32CubeIDE.app/Contents/Eclipse/plugins/com.st.stm32cube.ide.mcu.externaltools.gnu-tools-for-stm32.12.3.rel1.macos64_1.1.0.202410301201/tools/bin/../lib/gcc/arm-none-eabi/12.3.1/../../../../arm-none-eabi/lib/thumb/v7e-m+fp/hard/libc_nano.a(libc_a-init.o)
                0x0800ecc4                __libc_init_array
 .text.__retarget_lock_init_recursive
                0x0800ed0c        0x2 /Applications/STM32CubeIDE.app/Contents/Eclipse/plugins/com.st.stm32cube.ide.mcu.externaltools.gnu-tools-for-stm32.12.3.rel1.macos64_1.1.0.202410301201/tools/bin/../lib/gcc/arm-none-eabi/12.3.1/../../../../arm-none-eabi/lib/thumb/v7e-m+fp/hard/libc_nano.a(libc_a-lock.o)
                0x0800ed0c                __retarget_lock_init_recursive
 .text.__retarget_lock_acquire_recursive
                0x0800ed0e        0x2 /Applications/STM32CubeIDE.app/Contents/Eclipse/plugins/com.st.stm32cube.ide.mcu.externaltools.gnu-tools-for-stm32.12.3.rel1.macos64_1.1.0.202410301201/tools/bin/../lib/gcc/arm-none-eabi/12.3.1/../../../../arm-none-eabi/lib/thumb/v7e-m+fp/hard/libc_nano.a(libc_a-lock.o)
                0x0800ed0e                __retarget_lock_acquire_recursive
 .text.__retarget_lock_release_recursive
                0x0800ed10        0x2 /Applications/STM32CubeIDE.app/Contents/Eclipse/plugins/com.st.stm32cube.ide.mcu.externaltools.gnu-tools-for-stm32.12.3.rel1.macos64_1.1.0.202410301201/tools/bin/../lib/gcc/arm-none-eabi/12.3.1/../../../../arm-none-eabi/lib/thumb/v7e-m+fp/hard/libc_nano.a(libc_a-lock.o)
                0x0800ed10                __retarget_lock_release_recursive
 .text.memcpy   0x0800ed12       0x1c /Applications/STM32CubeIDE.app/Contents/Eclipse/plugins/com.st.stm32cube.ide.mcu.externaltools.gnu-tools-for-stm32.12.3.rel1.macos64_1.1.0.202410301201/tools/bin/../lib/gcc/arm-none-eabi/12.3.1/../../../../arm-none-eabi/lib/thumb/v7e-m+fp/hard/libc_nano.a(libc_a-memcpy-stub.o)
                0x0800ed12                memcpy
 .text.quorem   0x0800ed2e      0x110 /Applications/STM32CubeIDE.app/Contents/Eclipse/plugins/com.st.stm32cube.ide.mcu.externaltools.gnu-tools-for-stm32.12.3.rel1.macos64_1.1.0.202410301201/tools/bin/../lib/gcc/arm-none-eabi/12.3.1/../../../../arm-none-eabi/lib/thumb/v7e-m+fp/hard/libc_nano.a(libc_a-dtoa.o)
 *fill*         0x0800ee3e        0x2 
 .text._dtoa_r  0x0800ee40      0xb88 /Applications/STM32CubeIDE.app/Contents/Eclipse/plugins/com.st.stm32cube.ide.mcu.externaltools.gnu-tools-for-stm32.12.3.rel1.macos64_1.1.0.202410301201/tools/bin/../lib/gcc/arm-none-eabi/12.3.1/../../../../arm-none-eabi/lib/thumb/v7e-m+fp/hard/libc_nano.a(libc_a-dtoa.o)
                0x0800ee40                _dtoa_r
 .text.__sfputc_r
                0x0800f9c8       0x2e /Applications/STM32CubeIDE.app/Contents/Eclipse/plugins/com.st.stm32cube.ide.mcu.externaltools.gnu-tools-for-stm32.12.3.rel1.macos64_1.1.0.202410301201/tools/bin/../lib/gcc/arm-none-eabi/12.3.1/../../../../arm-none-eabi/lib/thumb/v7e-m+fp/hard/libc_nano.a(libc_a-nano-vfprintf.o)
 .text.__sfputs_r
                0x0800f9f6       0x24 /Applications/STM32CubeIDE.app/Contents/Eclipse/plugins/com.st.stm32cube.ide.mcu.externaltools.gnu-tools-for-stm32.12.3.rel1.macos64_1.1.0.202410301201/tools/bin/../lib/gcc/arm-none-eabi/12.3.1/../../../../arm-none-eabi/lib/thumb/v7e-m+fp/hard/libc_nano.a(libc_a-nano-vfprintf.o)
                0x0800f9f6                __sfputs_r
 *fill*         0x0800fa1a        0x2 
 .text._vfprintf_r
                0x0800fa1c      0x230 /Applications/STM32CubeIDE.app/Contents/Eclipse/plugins/com.st.stm32cube.ide.mcu.externaltools.gnu-tools-for-stm32.12.3.rel1.macos64_1.1.0.202410301201/tools/bin/../lib/gcc/arm-none-eabi/12.3.1/../../../../arm-none-eabi/lib/thumb/v7e-m+fp/hard/libc_nano.a(libc_a-nano-vfprintf.o)
                0x0800fa1c                _vfiprintf_r
                0x0800fa1c                _vfprintf_r
 .text.malloc   0x0800fc4c       0x10 /Applications/STM32CubeIDE.app/Contents/Eclipse/plugins/com.st.stm32cube.ide.mcu.externaltools.gnu-tools-for-stm32.12.3.rel1.macos64_1.1.0.202410301201/tools/bin/../lib/gcc/arm-none-eabi/12.3.1/../../../../arm-none-eabi/lib/thumb/v7e-m+fp/hard/libc_nano.a(libc_a-malloc.o)
                0x0800fc4c                malloc
 .text.sbrk_aligned
                0x0800fc5c       0x44 /Applications/STM32CubeIDE.app/Contents/Eclipse/plugins/com.st.stm32cube.ide.mcu.externaltools.gnu-tools-for-stm32.12.3.rel1.macos64_1.1.0.202410301201/tools/bin/../lib/gcc/arm-none-eabi/12.3.1/../../../../arm-none-eabi/lib/thumb/v7e-m+fp/hard/libc_nano.a(libc_a-mallocr.o)
 .text._malloc_r
                0x0800fca0      0x100 /Applications/STM32CubeIDE.app/Contents/Eclipse/plugins/com.st.stm32cube.ide.mcu.externaltools.gnu-tools-for-stm32.12.3.rel1.macos64_1.1.0.202410301201/tools/bin/../lib/gcc/arm-none-eabi/12.3.1/../../../../arm-none-eabi/lib/thumb/v7e-m+fp/hard/libc_nano.a(libc_a-mallocr.o)
                0x0800fca0                _malloc_r
 .text.__sflush_r
                0x0800fda0      0x108 /Applications/STM32CubeIDE.app/Contents/Eclipse/plugins/com.st.stm32cube.ide.mcu.externaltools.gnu-tools-for-stm32.12.3.rel1.macos64_1.1.0.202410301201/tools/bin/../lib/gcc/arm-none-eabi/12.3.1/../../../../arm-none-eabi/lib/thumb/v7e-m+fp/hard/libc_nano.a(libc_a-fflush.o)
                0x0800fda0                __sflush_r
 .text._fflush_r
                0x0800fea8       0x50 /Applications/STM32CubeIDE.app/Contents/Eclipse/plugins/com.st.stm32cube.ide.mcu.externaltools.gnu-tools-for-stm32.12.3.rel1.macos64_1.1.0.202410301201/tools/bin/../lib/gcc/arm-none-eabi/12.3.1/../../../../arm-none-eabi/lib/thumb/v7e-m+fp/hard/libc_nano.a(libc_a-fflush.o)
                0x0800fea8                _fflush_r
 .text.__malloc_lock
                0x0800fef8        0xc /Applications/STM32CubeIDE.app/Contents/Eclipse/plugins/com.st.stm32cube.ide.mcu.externaltools.gnu-tools-for-stm32.12.3.rel1.macos64_1.1.0.202410301201/tools/bin/../lib/gcc/arm-none-eabi/12.3.1/../../../../arm-none-eabi/lib/thumb/v7e-m+fp/hard/libc_nano.a(libc_a-mlock.o)
                0x0800fef8                __malloc_lock
 .text.__malloc_unlock
                0x0800ff04        0xc /Applications/STM32CubeIDE.app/Contents/Eclipse/plugins/com.st.stm32cube.ide.mcu.externaltools.gnu-tools-for-stm32.12.3.rel1.macos64_1.1.0.202410301201/tools/bin/../lib/gcc/arm-none-eabi/12.3.1/../../../../arm-none-eabi/lib/thumb/v7e-m+fp/hard/libc_nano.a(libc_a-mlock.o)
                0x0800ff04                __malloc_unlock
 .text._Balloc  0x0800ff10       0x80 /Applications/STM32CubeIDE.app/Contents/Eclipse/plugins/com.st.stm32cube.ide.mcu.externaltools.gnu-tools-for-stm32.12.3.rel1.macos64_1.1.0.202410301201/tools/bin/../lib/gcc/arm-none-eabi/12.3.1/../../../../arm-none-eabi/lib/thumb/v7e-m+fp/hard/libc_nano.a(libc_a-mprec.o)
                0x0800ff10                _Balloc
 .text._Bfree   0x0800ff90       0x44 /Applications/STM32CubeIDE.app/Contents/Eclipse/plugins/com.st.stm32cube.ide.mcu.externaltools.gnu-tools-for-stm32.12.3.rel1.macos64_1.1.0.202410301201/tools/bin/../lib/gcc/arm-none-eabi/12.3.1/../../../../arm-none-eabi/lib/thumb/v7e-m+fp/hard/libc_nano.a(libc_a-mprec.o)
                0x0800ff90                _Bfree
 .text.__multadd
                0x0800ffd4       0x8c /Applications/STM32CubeIDE.app/Contents/Eclipse/plugins/com.st.stm32cube.ide.mcu.externaltools.gnu-tools-for-stm32.12.3.rel1.macos64_1.1.0.202410301201/tools/bin/../lib/gcc/arm-none-eabi/12.3.1/../../../../arm-none-eabi/lib/thumb/v7e-m+fp/hard/libc_nano.a(libc_a-mprec.o)
                0x0800ffd4                __multadd
 .text.__hi0bits
                0x08010060       0x3e /Applications/STM32CubeIDE.app/Contents/Eclipse/plugins/com.st.stm32cube.ide.mcu.externaltools.gnu-tools-for-stm32.12.3.rel1.macos64_1.1.0.202410301201/tools/bin/../lib/gcc/arm-none-eabi/12.3.1/../../../../arm-none-eabi/lib/thumb/v7e-m+fp/hard/libc_nano.a(libc_a-mprec.o)
                0x08010060                __hi0bits
 .text.__lo0bits
                0x0801009e       0x5a /Applications/STM32CubeIDE.app/Contents/Eclipse/plugins/com.st.stm32cube.ide.mcu.externaltools.gnu-tools-for-stm32.12.3.rel1.macos64_1.1.0.202410301201/tools/bin/../lib/gcc/arm-none-eabi/12.3.1/../../../../arm-none-eabi/lib/thumb/v7e-m+fp/hard/libc_nano.a(libc_a-mprec.o)
                0x0801009e                __lo0bits
 .text.__i2b    0x080100f8       0x2c /Applications/STM32CubeIDE.app/Contents/Eclipse/plugins/com.st.stm32cube.ide.mcu.externaltools.gnu-tools-for-stm32.12.3.rel1.macos64_1.1.0.202410301201/tools/bin/../lib/gcc/arm-none-eabi/12.3.1/../../../../arm-none-eabi/lib/thumb/v7e-m+fp/hard/libc_nano.a(libc_a-mprec.o)
                0x080100f8                __i2b
 .text.__multiply
                0x08010124      0x154 /Applications/STM32CubeIDE.app/Contents/Eclipse/plugins/com.st.stm32cube.ide.mcu.externaltools.gnu-tools-for-stm32.12.3.rel1.macos64_1.1.0.202410301201/tools/bin/../lib/gcc/arm-none-eabi/12.3.1/../../../../arm-none-eabi/lib/thumb/v7e-m+fp/hard/libc_nano.a(libc_a-mprec.o)
                0x08010124                __multiply
 .text.__pow5mult
                0x08010278       0xb4 /Applications/STM32CubeIDE.app/Contents/Eclipse/plugins/com.st.stm32cube.ide.mcu.externaltools.gnu-tools-for-stm32.12.3.rel1.macos64_1.1.0.202410301201/tools/bin/../lib/gcc/arm-none-eabi/12.3.1/../../../../arm-none-eabi/lib/thumb/v7e-m+fp/hard/libc_nano.a(libc_a-mprec.o)
                0x08010278                __pow5mult
 .text.__lshift
                0x0801032c       0xd8 /Applications/STM32CubeIDE.app/Contents/Eclipse/plugins/com.st.stm32cube.ide.mcu.externaltools.gnu-tools-for-stm32.12.3.rel1.macos64_1.1.0.202410301201/tools/bin/../lib/gcc/arm-none-eabi/12.3.1/../../../../arm-none-eabi/lib/thumb/v7e-m+fp/hard/libc_nano.a(libc_a-mprec.o)
                0x0801032c                __lshift
 .text.__mcmp   0x08010404       0x36 /Applications/STM32CubeIDE.app/Contents/Eclipse/plugins/com.st.stm32cube.ide.mcu.externaltools.gnu-tools-for-stm32.12.3.rel1.macos64_1.1.0.202410301201/tools/bin/../lib/gcc/arm-none-eabi/12.3.1/../../../../arm-none-eabi/lib/thumb/v7e-m+fp/hard/libc_nano.a(libc_a-mprec.o)
                0x08010404                __mcmp
 *fill*         0x0801043a        0x2 
 .text.__mdiff  0x0801043c      0x128 /Applications/STM32CubeIDE.app/Contents/Eclipse/plugins/com.st.stm32cube.ide.mcu.externaltools.gnu-tools-for-stm32.12.3.rel1.macos64_1.1.0.202410301201/tools/bin/../lib/gcc/arm-none-eabi/12.3.1/../../../../arm-none-eabi/lib/thumb/v7e-m+fp/hard/libc_nano.a(libc_a-mprec.o)
                0x0801043c                __mdiff
 .text.__d2b    0x08010564       0xb0 /Applications/STM32CubeIDE.app/Contents/Eclipse/plugins/com.st.stm32cube.ide.mcu.externaltools.gnu-tools-for-stm32.12.3.rel1.macos64_1.1.0.202410301201/tools/bin/../lib/gcc/arm-none-eabi/12.3.1/../../../../arm-none-eabi/lib/thumb/v7e-m+fp/hard/libc_nano.a(libc_a-mprec.o)
                0x08010564                __d2b
 .text.__sread  0x08010614       0x22 /Applications/STM32CubeIDE.app/Contents/Eclipse/plugins/com.st.stm32cube.ide.mcu.externaltools.gnu-tools-for-stm32.12.3.rel1.macos64_1.1.0.202410301201/tools/bin/../lib/gcc/arm-none-eabi/12.3.1/../../../../arm-none-eabi/lib/thumb/v7e-m+fp/hard/libc_nano.a(libc_a-stdio.o)
                0x08010614                __sread
 .text.__swrite
                0x08010636       0x38 /Applications/STM32CubeIDE.app/Contents/Eclipse/plugins/com.st.stm32cube.ide.mcu.externaltools.gnu-tools-for-stm32.12.3.rel1.macos64_1.1.0.202410301201/tools/bin/../lib/gcc/arm-none-eabi/12.3.1/../../../../arm-none-eabi/lib/thumb/v7e-m+fp/hard/libc_nano.a(libc_a-stdio.o)
                0x08010636                __swrite
 .text.__sseek  0x0801066e       0x24 /Applications/STM32CubeIDE.app/Contents/Eclipse/plugins/com.st.stm32cube.ide.mcu.externaltools.gnu-tools-for-stm32.12.3.rel1.macos64_1.1.0.202410301201/tools/bin/../lib/gcc/arm-none-eabi/12.3.1/../../../../arm-none-eabi/lib/thumb/v7e-m+fp/hard/libc_nano.a(libc_a-stdio.o)
                0x0801066e                __sseek
 .text.__sclose
                0x08010692        0x8 /Applications/STM32CubeIDE.app/Contents/Eclipse/plugins/com.st.stm32cube.ide.mcu.externaltools.gnu-tools-for-stm32.12.3.rel1.macos64_1.1.0.202410301201/tools/bin/../lib/gcc/arm-none-eabi/12.3.1/../../../../arm-none-eabi/lib/thumb/v7e-m+fp/hard/libc_nano.a(libc_a-stdio.o)
                0x08010692                __sclose
 .text.__swbuf_r
                0x0801069a       0x7c /Applications/STM32CubeIDE.app/Contents/Eclipse/plugins/com.st.stm32cube.ide.mcu.externaltools.gnu-tools-for-stm32.12.3.rel1.macos64_1.1.0.202410301201/tools/bin/../lib/gcc/arm-none-eabi/12.3.1/../../../../arm-none-eabi/lib/thumb/v7e-m+fp/hard/libc_nano.a(libc_a-wbuf.o)
                0x0801069a                __swbuf_r
 *fill*         0x08010716        0x2 
 .text.__swsetup_r
                0x08010718       0xac /Applications/STM32CubeIDE.app/Contents/Eclipse/plugins/com.st.stm32cube.ide.mcu.externaltools.gnu-tools-for-stm32.12.3.rel1.macos64_1.1.0.202410301201/tools/bin/../lib/gcc/arm-none-eabi/12.3.1/../../../../arm-none-eabi/lib/thumb/v7e-m+fp/hard/libc_nano.a(libc_a-wsetup.o)
                0x08010718                __swsetup_r
 .text.__swhatbuf_r
                0x080107c4       0x4c /Applications/STM32CubeIDE.app/Contents/Eclipse/plugins/com.st.stm32cube.ide.mcu.externaltools.gnu-tools-for-stm32.12.3.rel1.macos64_1.1.0.202410301201/tools/bin/../lib/gcc/arm-none-eabi/12.3.1/../../../../arm-none-eabi/lib/thumb/v7e-m+fp/hard/libc_nano.a(libc_a-makebuf.o)
                0x080107c4                __swhatbuf_r
 .text.__smakebuf_r
                0x08010810       0x78 /Applications/STM32CubeIDE.app/Contents/Eclipse/plugins/com.st.stm32cube.ide.mcu.externaltools.gnu-tools-for-stm32.12.3.rel1.macos64_1.1.0.202410301201/tools/bin/../lib/gcc/arm-none-eabi/12.3.1/../../../../arm-none-eabi/lib/thumb/v7e-m+fp/hard/libc_nano.a(libc_a-makebuf.o)
                0x08010810                __smakebuf_r
 .text._close_r
                0x08010888       0x20 /Applications/STM32CubeIDE.app/Contents/Eclipse/plugins/com.st.stm32cube.ide.mcu.externaltools.gnu-tools-for-stm32.12.3.rel1.macos64_1.1.0.202410301201/tools/bin/../lib/gcc/arm-none-eabi/12.3.1/../../../../arm-none-eabi/lib/thumb/v7e-m+fp/hard/libc_nano.a(libc_a-closer.o)
                0x08010888                _close_r
 .text._fstat_r
                0x080108a8       0x24 /Applications/STM32CubeIDE.app/Contents/Eclipse/plugins/com.st.stm32cube.ide.mcu.externaltools.gnu-tools-for-stm32.12.3.rel1.macos64_1.1.0.202410301201/tools/bin/../lib/gcc/arm-none-eabi/12.3.1/../../../../arm-none-eabi/lib/thumb/v7e-m+fp/hard/libc_nano.a(libc_a-fstatr.o)
                0x080108a8                _fstat_r
 .text._isatty_r
                0x080108cc       0x20 /Applications/STM32CubeIDE.app/Contents/Eclipse/plugins/com.st.stm32cube.ide.mcu.externaltools.gnu-tools-for-stm32.12.3.rel1.macos64_1.1.0.202410301201/tools/bin/../lib/gcc/arm-none-eabi/12.3.1/../../../../arm-none-eabi/lib/thumb/v7e-m+fp/hard/libc_nano.a(libc_a-isattyr.o)
                0x080108cc                _isatty_r
 .text._lseek_r
                0x080108ec       0x24 /Applications/STM32CubeIDE.app/Contents/Eclipse/plugins/com.st.stm32cube.ide.mcu.externaltools.gnu-tools-for-stm32.12.3.rel1.macos64_1.1.0.202410301201/tools/bin/../lib/gcc/arm-none-eabi/12.3.1/../../../../arm-none-eabi/lib/thumb/v7e-m+fp/hard/libc_nano.a(libc_a-lseekr.o)
                0x080108ec                _lseek_r
 .text._read_r  0x08010910       0x24 /Applications/STM32CubeIDE.app/Contents/Eclipse/plugins/com.st.stm32cube.ide.mcu.externaltools.gnu-tools-for-stm32.12.3.rel1.macos64_1.1.0.202410301201/tools/bin/../lib/gcc/arm-none-eabi/12.3.1/../../../../arm-none-eabi/lib/thumb/v7e-m+fp/hard/libc_nano.a(libc_a-readr.o)
                0x08010910                _read_r
 .text._sbrk_r  0x08010934       0x20 /Applications/STM32CubeIDE.app/Contents/Eclipse/plugins/com.st.stm32cube.ide.mcu.externaltools.gnu-tools-for-stm32.12.3.rel1.macos64_1.1.0.202410301201/tools/bin/../lib/gcc/arm-none-eabi/12.3.1/../../../../arm-none-eabi/lib/thumb/v7e-m+fp/hard/libc_nano.a(libc_a-sbrkr.o)
                0x08010934                _sbrk_r
 .text._write_r
                0x08010954       0x24 /Applications/STM32CubeIDE.app/Contents/Eclipse/plugins/com.st.stm32cube.ide.mcu.externaltools.gnu-tools-for-stm32.12.3.rel1.macos64_1.1.0.202410301201/tools/bin/../lib/gcc/arm-none-eabi/12.3.1/../../../../arm-none-eabi/lib/thumb/v7e-m+fp/hard/libc_nano.a(libc_a-writer.o)
                0x08010954                _write_r
 .text.__assert_func
                0x08010978       0x3c /Applications/STM32CubeIDE.app/Contents/Eclipse/plugins/com.st.stm32cube.ide.mcu.externaltools.gnu-tools-for-stm32.12.3.rel1.macos64_1.1.0.202410301201/tools/bin/../lib/gcc/arm-none-eabi/12.3.1/../../../../arm-none-eabi/lib/thumb/v7e-m+fp/hard/libc_nano.a(libc_a-assert.o)
                0x08010978                __assert_func
 .text._calloc_r
                0x080109b4       0x28 /Applications/STM32CubeIDE.app/Contents/Eclipse/plugins/com.st.stm32cube.ide.mcu.externaltools.gnu-tools-for-stm32.12.3.rel1.macos64_1.1.0.202410301201/tools/bin/../lib/gcc/arm-none-eabi/12.3.1/../../../../arm-none-eabi/lib/thumb/v7e-m+fp/hard/libc_nano.a(libc_a-callocr.o)
                0x080109b4                _calloc_r
 .text._free_r  0x080109dc       0x94 /Applications/STM32CubeIDE.app/Contents/Eclipse/plugins/com.st.stm32cube.ide.mcu.externaltools.gnu-tools-for-stm32.12.3.rel1.macos64_1.1.0.202410301201/tools/bin/../lib/gcc/arm-none-eabi/12.3.1/../../../../arm-none-eabi/lib/thumb/v7e-m+fp/hard/libc_nano.a(libc_a-freer.o)
                0x080109dc                _free_r
 .text.__ascii_mbtowc
                0x08010a70       0x24 /Applications/STM32CubeIDE.app/Contents/Eclipse/plugins/com.st.stm32cube.ide.mcu.externaltools.gnu-tools-for-stm32.12.3.rel1.macos64_1.1.0.202410301201/tools/bin/../lib/gcc/arm-none-eabi/12.3.1/../../../../arm-none-eabi/lib/thumb/v7e-m+fp/hard/libc_nano.a(libc_a-mbtowc_r.o)
                0x08010a70                __ascii_mbtowc
 .text.fprintf  0x08010a94       0x24 /Applications/STM32CubeIDE.app/Contents/Eclipse/plugins/com.st.stm32cube.ide.mcu.externaltools.gnu-tools-for-stm32.12.3.rel1.macos64_1.1.0.202410301201/tools/bin/../lib/gcc/arm-none-eabi/12.3.1/../../../../arm-none-eabi/lib/thumb/v7e-m+fp/hard/libc_nano.a(libc_a-fprintf.o)
                0x08010a94                fprintf
                0x08010a94                fiprintf
 .text.__ascii_wctomb
                0x08010ab8       0x1a /Applications/STM32CubeIDE.app/Contents/Eclipse/plugins/com.st.stm32cube.ide.mcu.externaltools.gnu-tools-for-stm32.12.3.rel1.macos64_1.1.0.202410301201/tools/bin/../lib/gcc/arm-none-eabi/12.3.1/../../../../arm-none-eabi/lib/thumb/v7e-m+fp/hard/libc_nano.a(libc_a-wctomb_r.o)
                0x08010ab8                __ascii_wctomb
 .text.abort    0x08010ad2        0xe /Applications/STM32CubeIDE.app/Contents/Eclipse/plugins/com.st.stm32cube.ide.mcu.externaltools.gnu-tools-for-stm32.12.3.rel1.macos64_1.1.0.202410301201/tools/bin/../lib/gcc/arm-none-eabi/12.3.1/../../../../arm-none-eabi/lib/thumb/v7e-m+fp/hard/libc_nano.a(libc_a-abort.o)
                0x08010ad2                abort
 .text._raise_r
                0x08010ae0       0x50 /Applications/STM32CubeIDE.app/Contents/Eclipse/plugins/com.st.stm32cube.ide.mcu.externaltools.gnu-tools-for-stm32.12.3.rel1.macos64_1.1.0.202410301201/tools/bin/../lib/gcc/arm-none-eabi/12.3.1/../../../../arm-none-eabi/lib/thumb/v7e-m+fp/hard/libc_nano.a(libc_a-signal.o)
                0x08010ae0                _raise_r
 .text.raise    0x08010b30       0x10 /Applications/STM32CubeIDE.app/Contents/Eclipse/plugins/com.st.stm32cube.ide.mcu.externaltools.gnu-tools-for-stm32.12.3.rel1.macos64_1.1.0.202410301201/tools/bin/../lib/gcc/arm-none-eabi/12.3.1/../../../../arm-none-eabi/lib/thumb/v7e-m+fp/hard/libc_nano.a(libc_a-signal.o)
                0x08010b30                raise
 .text._kill_r  0x08010b40       0x24 /Applications/STM32CubeIDE.app/Contents/Eclipse/plugins/com.st.stm32cube.ide.mcu.externaltools.gnu-tools-for-stm32.12.3.rel1.macos64_1.1.0.202410301201/tools/bin/../lib/gcc/arm-none-eabi/12.3.1/../../../../arm-none-eabi/lib/thumb/v7e-m+fp/hard/libc_nano.a(libc_a-signalr.o)
                0x08010b40                _kill_r
 .text._getpid_r
                0x08010b64        0x4 /Applications/STM32CubeIDE.app/Contents/Eclipse/plugins/com.st.stm32cube.ide.mcu.externaltools.gnu-tools-for-stm32.12.3.rel1.macos64_1.1.0.202410301201/tools/bin/../lib/gcc/arm-none-eabi/12.3.1/../../../../arm-none-eabi/lib/thumb/v7e-m+fp/hard/libc_nano.a(libc_a-signalr.o)
                0x08010b64                _getpid_r
 *(.glue_7)
 .glue_7        0x08010b68        0x0 linker stubs
 *(.glue_7t)
 .glue_7t       0x08010b68        0x0 linker stubs
 *(.eh_frame)
 .eh_frame      0x08010b68        0x0 /Applications/STM32CubeIDE.app/Contents/Eclipse/plugins/com.st.stm32cube.ide.mcu.externaltools.gnu-tools-for-stm32.12.3.rel1.macos64_1.1.0.202410301201/tools/bin/../lib/gcc/arm-none-eabi/12.3.1/thumb/v7e-m+fp/hard/crtbegin.o
 *(.init)
 .init          0x08010b68        0x4 /Applications/STM32CubeIDE.app/Contents/Eclipse/plugins/com.st.stm32cube.ide.mcu.externaltools.gnu-tools-for-stm32.12.3.rel1.macos64_1.1.0.202410301201/tools/bin/../lib/gcc/arm-none-eabi/12.3.1/thumb/v7e-m+fp/hard/crti.o
                0x08010b68                _init
 .init          0x08010b6c        0x8 /Applications/STM32CubeIDE.app/Contents/Eclipse/plugins/com.st.stm32cube.ide.mcu.externaltools.gnu-tools-for-stm32.12.3.rel1.macos64_1.1.0.202410301201/tools/bin/../lib/gcc/arm-none-eabi/12.3.1/thumb/v7e-m+fp/hard/crtn.o
 *(.fini)
 .fini          0x08010b74        0x4 /Applications/STM32CubeIDE.app/Contents/Eclipse/plugins/com.st.stm32cube.ide.mcu.externaltools.gnu-tools-for-stm32.12.3.rel1.macos64_1.1.0.202410301201/tools/bin/../lib/gcc/arm-none-eabi/12.3.1/thumb/v7e-m+fp/hard/crti.o
                0x08010b74                _fini
 .fini          0x08010b78        0x8 /Applications/STM32CubeIDE.app/Contents/Eclipse/plugins/com.st.stm32cube.ide.mcu.externaltools.gnu-tools-for-stm32.12.3.rel1.macos64_1.1.0.202410301201/tools/bin/../lib/gcc/arm-none-eabi/12.3.1/thumb/v7e-m+fp/hard/crtn.o
                0x08010b80                        . = ALIGN (0x4)
                0x08010b80                        _etext = .

.vfp11_veneer   0x08010b80        0x0
 .vfp11_veneer  0x08010b80        0x0 linker stubs

.v4_bx          0x08010b80        0x0
 .v4_bx         0x08010b80        0x0 linker stubs

.iplt           0x08010b80        0x0
 .iplt          0x08010b80        0x0 /Applications/STM32CubeIDE.app/Contents/Eclipse/plugins/com.st.stm32cube.ide.mcu.externaltools.gnu-tools-for-stm32.12.3.rel1.macos64_1.1.0.202410301201/tools/bin/../lib/gcc/arm-none-eabi/12.3.1/thumb/v7e-m+fp/hard/crtbegin.o

.rodata         0x08010b80    0x14450
                0x08010b80                        . = ALIGN (0x4)
 *(.rodata)
 .rodata        0x08010b80       0xcb ./Core/Src/freq.o
 *fill*         0x08010c4b        0x1 
 .rodata        0x08010c4c       0x61 ./Core/Src/main.o
 *fill*         0x08010cad        0x3 
 .rodata        0x08010cb0        0x5 ./Middlewares/Third_Party/FreeRTOS/Source/tasks.o
 *fill*         0x08010cb5        0x3 
 .rodata        0x08010cb8        0xd ./Middlewares/Third_Party/FreeRTOS/Source/timers.o
 *(.rodata*)
 *fill*         0x08010cc5        0x3 
 .rodata.twiddleCoef_16
                0x08010cc8       0x80 ./Core/Src/arm_common_tables.o
                0x08010cc8                twiddleCoef_16
 .rodata.twiddleCoef_32
                0x08010d48      0x100 ./Core/Src/arm_common_tables.o
                0x08010d48                twiddleCoef_32
 .rodata.twiddleCoef_64
                0x08010e48      0x200 ./Core/Src/arm_common_tables.o
                0x08010e48                twiddleCoef_64
 .rodata.twiddleCoef_128
                0x08011048      0x400 ./Core/Src/arm_common_tables.o
                0x08011048                twiddleCoef_128
 .rodata.twiddleCoef_256
                0x08011448      0x800 ./Core/Src/arm_common_tables.o
                0x08011448                twiddleCoef_256
 .rodata.twiddleCoef_512
                0x08011c48     0x1000 ./Core/Src/arm_common_tables.o
                0x08011c48                twiddleCoef_512
 .rodata.twiddleCoef_1024
                0x08012c48     0x2000 ./Core/Src/arm_common_tables.o
                0x08012c48                twiddleCoef_1024
 .rodata.twiddleCoef_2048
                0x08014c48     0x4000 ./Core/Src/arm_common_tables.o
                0x08014c48                twiddleCoef_2048
 .rodata.armBitRevIndexTable16
                0x08018c48       0x28 ./Core/Src/arm_common_tables.o
                0x08018c48                armBitRevIndexTable16
 .rodata.armBitRevIndexTable32
                0x08018c70       0x60 ./Core/Src/arm_common_tables.o
                0x08018c70                armBitRevIndexTable32
 .rodata.armBitRevIndexTable64
                0x08018cd0       0x70 ./Core/Src/arm_common_tables.o
                0x08018cd0                armBitRevIndexTable64
 .rodata.armBitRevIndexTable128
                0x08018d40      0x1a0 ./Core/Src/arm_common_tables.o
                0x08018d40                armBitRevIndexTable128
 .rodata.armBitRevIndexTable256
                0x08018ee0      0x370 ./Core/Src/arm_common_tables.o
                0x08018ee0                armBitRevIndexTable256
 .rodata.armBitRevIndexTable512
                0x08019250      0x380 ./Core/Src/arm_common_tables.o
                0x08019250                armBitRevIndexTable512
 .rodata.armBitRevIndexTable1024
                0x080195d0      0xe10 ./Core/Src/arm_common_tables.o
                0x080195d0                armBitRevIndexTable1024
 .rodata.armBitRevIndexTable2048
                0x0801a3e0     0x1dc0 ./Core/Src/arm_common_tables.o
                0x0801a3e0                armBitRevIndexTable2048
 .rodata.twiddleCoef_rfft_32
                0x0801c1a0       0x80 ./Core/Src/arm_common_tables.o
                0x0801c1a0                twiddleCoef_rfft_32
 .rodata.twiddleCoef_rfft_64
                0x0801c220      0x100 ./Core/Src/arm_common_tables.o
                0x0801c220                twiddleCoef_rfft_64
 .rodata.twiddleCoef_rfft_128
                0x0801c320      0x200 ./Core/Src/arm_common_tables.o
                0x0801c320                twiddleCoef_rfft_128
 .rodata.twiddleCoef_rfft_256
                0x0801c520      0x400 ./Core/Src/arm_common_tables.o
                0x0801c520                twiddleCoef_rfft_256
 .rodata.twiddleCoef_rfft_512
                0x0801c920      0x800 ./Core/Src/arm_common_tables.o
                0x0801c920                twiddleCoef_rfft_512
 .rodata.twiddleCoef_rfft_1024
                0x0801d120     0x1000 ./Core/Src/arm_common_tables.o
                0x0801d120                twiddleCoef_rfft_1024
 .rodata.twiddleCoef_rfft_2048
                0x0801e120     0x2000 ./Core/Src/arm_common_tables.o
                0x0801e120                twiddleCoef_rfft_2048
 .rodata.twiddleCoef_rfft_4096
                0x08020120     0x4000 ./Core/Src/arm_common_tables.o
                0x08020120                twiddleCoef_rfft_4096
 .rodata.sinTable_f32
                0x08024120      0x804 ./Core/Src/arm_common_tables.o
                0x08024120                sinTable_f32
 .rodata.arm_cfft_sR_f32_len16
                0x08024924       0x10 ./Core/Src/arm_const_structs.o
                0x08024924                arm_cfft_sR_f32_len16
 .rodata.arm_cfft_sR_f32_len32
                0x08024934       0x10 ./Core/Src/arm_const_structs.o
                0x08024934                arm_cfft_sR_f32_len32
 .rodata.arm_cfft_sR_f32_len64
                0x08024944       0x10 ./Core/Src/arm_const_structs.o
                0x08024944                arm_cfft_sR_f32_len64
 .rodata.arm_cfft_sR_f32_len128
                0x08024954       0x10 ./Core/Src/arm_const_structs.o